0 verbose cli C:\Program Files\nodejs\node.exe C:\Users\notai\AppData\Roaming\npm\node_modules\npm\bin\npm-cli.js
1 info using npm@11.1.0
2 info using node@v22.14.0
3 silly config load:file:C:\Users\notai\AppData\Roaming\npm\node_modules\npm\npmrc
4 silly config load:file:g:\notai\VSCodeProjects\tacommodity\.npmrc
5 silly config load:file:C:\Users\notai\.npmrc
6 silly config load:file:C:\Users\notai\AppData\Roaming\npm\etc\npmrc
7 verbose title npm outdated
8 verbose argv "outdated" "--json"
9 verbose logfile logs-max:10 dir:G:\notai\VSCodeProjects\tacommodity\notai\packages\npm\_logs\2025-07-24T14_06_04_807Z-
10 verbose logfile G:\notai\VSCodeProjects\tacommodity\notai\packages\npm\_logs\2025-07-24T14_06_04_807Z-debug-0.log
11 silly logfile start cleaning logs, removing 1 files
12 silly packumentCache heap:4345298944 maxSize:1086324736 maxEntrySize:543162368
13 silly logfile done cleaning log files
14 http fetch GET https://registry.npmjs.org/@headlessui%2freact attempt 1 failed with ENOTFOUND
15 http fetch GET https://registry.npmjs.org/@aws-sdk%2fclient-s3 attempt 1 failed with ENOTFOUND
16 http fetch GET https://registry.npmjs.org/aws-sdk attempt 1 failed with ENOTFOUND
17 http fetch GET https://registry.npmjs.org/@srexi%2fpurecounterjs attempt 1 failed with ENOTFOUND
18 http fetch GET https://registry.npmjs.org/bootstrap-icons attempt 1 failed with ENOTFOUND
19 http fetch GET https://registry.npmjs.org/aos attempt 1 failed with ENOTFOUND
20 http fetch GET https://registry.npmjs.org/bootstrap attempt 1 failed with ENOTFOUND
21 http fetch GET https://registry.npmjs.org/boxicons attempt 1 failed with ENOTFOUND
22 http fetch GET https://registry.npmjs.org/fslightbox-react attempt 1 failed with ENOTFOUND
23 http fetch GET https://registry.npmjs.org/isotope-layout attempt 1 failed with ENOTFOUND
24 http fetch GET https://registry.npmjs.org/swiper attempt 1 failed with ENOTFOUND
25 http fetch GET https://registry.npmjs.org/react-bootstrap-icons attempt 1 failed with ENOTFOUND
26 http fetch GET https://registry.npmjs.org/next attempt 1 failed with ENOTFOUND
27 http fetch GET https://registry.npmjs.org/react-countup attempt 1 failed with ENOTFOUND
28 http fetch GET https://registry.npmjs.org/postgres attempt 1 failed with ENOTFOUND
29 http fetch GET https://registry.npmjs.org/@types%2faos attempt 1 failed with ENOTFOUND
30 http fetch GET https://registry.npmjs.org/eslint-config-next attempt 1 failed with ENOTFOUND
31 http fetch GET https://registry.npmjs.org/eslint attempt 1 failed with ENOTFOUND
32 http fetch GET https://registry.npmjs.org/react attempt 1 failed with ENOTFOUND
33 http fetch GET https://registry.npmjs.org/typescript attempt 1 failed with ENOTFOUND
34 http fetch GET https://registry.npmjs.org/@eslint%2feslintrc attempt 1 failed with ENOTFOUND
35 http fetch GET https://registry.npmjs.org/jquery attempt 1 failed with ENOTFOUND
36 http fetch GET https://registry.npmjs.org/@headlessui%2freact attempt 2 failed with ENOTFOUND
37 http fetch GET https://registry.npmjs.org/@aws-sdk%2fclient-s3 attempt 2 failed with ENOTFOUND
38 http fetch GET https://registry.npmjs.org/aws-sdk attempt 2 failed with ENOTFOUND
39 http fetch GET https://registry.npmjs.org/@srexi%2fpurecounterjs attempt 2 failed with ENOTFOUND
40 http fetch GET https://registry.npmjs.org/bootstrap-icons attempt 2 failed with ENOTFOUND
41 http fetch GET https://registry.npmjs.org/aos attempt 2 failed with ENOTFOUND
42 http fetch GET https://registry.npmjs.org/bootstrap attempt 2 failed with ENOTFOUND
43 http fetch GET https://registry.npmjs.org/boxicons attempt 2 failed with ENOTFOUND
44 http fetch GET https://registry.npmjs.org/fslightbox-react attempt 2 failed with ENOTFOUND
45 http fetch GET https://registry.npmjs.org/isotope-layout attempt 2 failed with ENOTFOUND
46 http fetch GET https://registry.npmjs.org/swiper attempt 2 failed with ENOTFOUND
47 http fetch GET https://registry.npmjs.org/react-bootstrap-icons attempt 2 failed with ENOTFOUND
48 http fetch GET https://registry.npmjs.org/next attempt 2 failed with ENOTFOUND
49 http fetch GET https://registry.npmjs.org/react-countup attempt 2 failed with ENOTFOUND
50 http fetch GET https://registry.npmjs.org/postgres attempt 2 failed with ENOTFOUND
51 http fetch GET https://registry.npmjs.org/@types%2faos attempt 2 failed with ENOTFOUND
52 http fetch GET https://registry.npmjs.org/eslint-config-next attempt 2 failed with ENOTFOUND
53 http fetch GET https://registry.npmjs.org/eslint attempt 2 failed with ENOTFOUND
54 http fetch GET https://registry.npmjs.org/react attempt 2 failed with ENOTFOUND
55 http fetch GET https://registry.npmjs.org/typescript attempt 2 failed with ENOTFOUND
56 http fetch GET https://registry.npmjs.org/@eslint%2feslintrc attempt 2 failed with ENOTFOUND
57 http fetch GET https://registry.npmjs.org/jquery attempt 2 failed with ENOTFOUND
58 http fetch GET https://registry.npmjs.org/@headlessui%2freact attempt 3 failed with ENOTFOUND
59 http fetch GET https://registry.npmjs.org/@aws-sdk%2fclient-s3 attempt 3 failed with ENOTFOUND
60 http fetch GET https://registry.npmjs.org/aws-sdk attempt 3 failed with ENOTFOUND
61 verbose type system
62 verbose stack FetchError: request to https://registry.npmjs.org/@headlessui%2freact failed, reason: getaddrinfo ENOTFOUND registry.npmjs.org
62 verbose stack     at ClientRequest.<anonymous> (C:\Users\notai\AppData\Roaming\npm\node_modules\npm\node_modules\minipass-fetch\lib\index.js:130:14)
62 verbose stack     at ClientRequest.emit (node:events:518:28)
62 verbose stack     at emitErrorEvent (node:_http_client:104:11)
62 verbose stack     at _destroy (node:_http_client:898:9)
62 verbose stack     at onSocketNT (node:_http_client:918:5)
62 verbose stack     at process.processTicksAndRejections (node:internal/process/task_queues:91:21)
63 error code ENOTFOUND
64 error syscall getaddrinfo
65 error errno ENOTFOUND
66 error network request to https://registry.npmjs.org/@headlessui%2freact failed, reason: getaddrinfo ENOTFOUND registry.npmjs.org
67 error network This is a problem related to network connectivity.
67 error network In most cases you are behind a proxy or have bad network settings.
67 error network
67 error network If you are behind a proxy, please make sure that the
67 error network 'proxy' config is set properly.  See: 'npm help config'
68 verbose cwd g:\notai\VSCodeProjects\tacommodity
69 verbose os Windows_NT 10.0.22631
70 verbose node v22.14.0
71 verbose npm  v11.1.0
72 verbose exit 1
73 verbose code 1
74 error A complete log of this run can be found in: G:\notai\VSCodeProjects\tacommodity\notai\packages\npm\_logs\2025-07-24T14_06_04_807Z-debug-0.log
