0 verbose cli C:\Program Files\nodejs\node.exe C:\Users\notai\AppData\Roaming\npm\node_modules\npm\bin\npm-cli.js
1 info using npm@11.1.0
2 info using node@v22.14.0
3 silly config load:file:C:\Users\notai\AppData\Roaming\npm\node_modules\npm\npmrc
4 silly config load:file:g:\notai\VSCodeProjects\tacommodity\.npmrc
5 silly config load:file:C:\Users\notai\.npmrc
6 silly config load:file:C:\Users\notai\AppData\Roaming\npm\etc\npmrc
7 verbose title npm outdated
8 verbose argv "outdated" "--json"
9 verbose logfile logs-max:10 dir:G:\notai\VSCodeProjects\tacommodity\notai\packages\npm\_logs\2025-07-30T17_37_03_257Z-
10 verbose logfile G:\notai\VSCodeProjects\tacommodity\notai\packages\npm\_logs\2025-07-30T17_37_03_257Z-debug-0.log
11 silly logfile start cleaning logs, removing 1 files
12 silly packumentCache heap:4345298944 maxSize:1086324736 maxEntrySize:543162368
13 silly logfile done cleaning log files
14 http fetch GET 200 https://registry.npmjs.org/aws-sdk 2706ms (cache revalidated)
15 http fetch GET 200 https://registry.npmjs.org/bootstrap 2869ms (cache revalidated)
16 http fetch GET 200 https://registry.npmjs.org/react-countup 2940ms (cache revalidated)
17 http fetch GET 200 https://registry.npmjs.org/postgres 2951ms (cache revalidated)
18 http fetch GET 200 https://registry.npmjs.org/@eslint%2feslintrc 3021ms (cache revalidated)
19 http fetch GET 200 https://registry.npmjs.org/yet-another-react-lightbox 3098ms (cache revalidated)
20 http fetch GET 200 https://registry.npmjs.org/eslint 3132ms (cache revalidated)
21 http fetch GET 200 https://registry.npmjs.org/react-bootstrap-icons 3197ms (cache revalidated)
22 http fetch GET 200 https://registry.npmjs.org/isotope-layout 3210ms (cache revalidated)
23 http fetch GET 200 https://registry.npmjs.org/jquery 3312ms (cache revalidated)
24 http fetch GET 200 https://registry.npmjs.org/aos 3331ms (cache revalidated)
25 http fetch GET 200 https://registry.npmjs.org/@tailwindcss%2fforms 3303ms (cache revalidated)
26 http fetch GET 200 https://registry.npmjs.org/bootstrap-icons 3402ms (cache updated)
27 http fetch GET 200 https://registry.npmjs.org/@srexi%2fpurecounterjs 3413ms (cache revalidated)
28 http fetch GET 200 https://registry.npmjs.org/react-icons 3416ms (cache miss)
29 http fetch GET 200 https://registry.npmjs.org/fslightbox-react 3474ms (cache miss)
30 http fetch GET 200 https://registry.npmjs.org/@types%2faos 3602ms (cache miss)
31 http fetch GET 200 https://registry.npmjs.org/autoprefixer 3625ms (cache miss)
32 http fetch GET 200 https://registry.npmjs.org/boxicons 3921ms (cache revalidated)
33 http fetch GET 200 https://registry.npmjs.org/swiper 3965ms (cache updated)
34 http fetch GET 200 https://registry.npmjs.org/venobox 4286ms (cache revalidated)
35 http fetch GET 200 https://registry.npmjs.org/@headlessui%2freact 4353ms (cache miss)
36 http fetch GET 200 https://registry.npmjs.org/@types%2freact 4339ms (cache updated)
37 http fetch GET 200 https://registry.npmjs.org/postcss 4449ms (cache miss)
38 http fetch GET 200 https://registry.npmjs.org/@types%2fnode 4656ms (cache updated)
39 http fetch GET 200 https://registry.npmjs.org/react 4783ms (cache updated)
40 http fetch GET 200 https://registry.npmjs.org/@aws-sdk%2fclient-s3 4893ms (cache updated)
41 http fetch GET 200 https://registry.npmjs.org/eslint-config-next 4915ms (cache updated)
42 http fetch GET 200 https://registry.npmjs.org/react-dom 5084ms (cache updated)
43 http fetch GET 200 https://registry.npmjs.org/tailwindcss 5261ms (cache miss)
44 http fetch GET 200 https://registry.npmjs.org/typescript 7268ms (cache miss)
45 http fetch GET 200 https://registry.npmjs.org/next 10926ms (cache updated)
46 verbose cwd g:\notai\VSCodeProjects\tacommodity
47 verbose os Windows_NT 10.0.22631
48 verbose node v22.14.0
49 verbose npm  v11.1.0
50 verbose exit 1
51 verbose code 1
