0 verbose cli C:\Program Files\nodejs\node.exe C:\Users\notai\AppData\Roaming\npm\node_modules\npm\bin\npm-cli.js
1 info using npm@11.1.0
2 info using node@v22.14.0
3 silly config load:file:C:\Users\notai\AppData\Roaming\npm\node_modules\npm\npmrc
4 silly config load:file:g:\notai\VSCodeProjects\tacommodity\.npmrc
5 silly config load:file:C:\Users\notai\.npmrc
6 silly config load:file:C:\Users\notai\AppData\Roaming\npm\etc\npmrc
7 verbose title npm outdated
8 verbose argv "outdated" "--json"
9 verbose logfile logs-max:10 dir:G:\notai\VSCodeProjects\tacommodity\notai\packages\npm\_logs\2025-07-24T12_00_44_784Z-
10 verbose logfile G:\notai\VSCodeProjects\tacommodity\notai\packages\npm\_logs\2025-07-24T12_00_44_784Z-debug-0.log
11 silly logfile start cleaning logs, removing 1 files
12 silly packumentCache heap:4345298944 maxSize:1086324736 maxEntrySize:543162368
13 silly logfile done cleaning log files
14 http fetch GET https://registry.npmjs.org/aos attempt 1 failed with ECONNRESET
15 http fetch GET https://registry.npmjs.org/react-bootstrap-icons attempt 1 failed with ECONNRESET
16 http fetch GET https://registry.npmjs.org/@headlessui%2freact attempt 1 failed with ECONNRESET
17 http fetch GET https://registry.npmjs.org/@srexi%2fpurecounterjs attempt 1 failed with ECONNRESET
18 http fetch GET https://registry.npmjs.org/venobox attempt 1 failed with ECONNRESET
19 http fetch GET https://registry.npmjs.org/@aws-sdk%2fclient-s3 attempt 1 failed with ECONNRESET
20 http fetch GET https://registry.npmjs.org/bootstrap attempt 1 failed with ECONNRESET
21 http fetch GET https://registry.npmjs.org/react-countup attempt 1 failed with ECONNRESET
22 http fetch GET https://registry.npmjs.org/postgres attempt 1 failed with ECONNRESET
23 http fetch GET https://registry.npmjs.org/aws-sdk attempt 1 failed with ECONNRESET
24 http fetch GET https://registry.npmjs.org/boxicons attempt 1 failed with ECONNRESET
25 http fetch GET https://registry.npmjs.org/isotope-layout attempt 1 failed with ECONNRESET
26 http fetch GET https://registry.npmjs.org/jquery attempt 1 failed with ECONNRESET
27 http fetch GET https://registry.npmjs.org/bootstrap-icons attempt 1 failed with ECONNRESET
28 http fetch GET https://registry.npmjs.org/fslightbox-react attempt 1 failed with ECONNRESET
29 http fetch GET 200 https://registry.npmjs.org/react-bootstrap-icons 58342ms attempt #2 (cache updated)
30 http fetch GET 200 https://registry.npmjs.org/postgres 58924ms attempt #2 (cache updated)
31 http fetch GET 200 https://registry.npmjs.org/aws-sdk 59072ms (cache revalidated)
32 http fetch GET 200 https://registry.npmjs.org/jquery 59469ms (cache revalidated)
33 http fetch GET 200 https://registry.npmjs.org/isotope-layout 63547ms (cache revalidated)
34 http fetch GET https://registry.npmjs.org/bootstrap-icons attempt 2 failed with ECONNRESET
35 http fetch GET https://registry.npmjs.org/fslightbox-react attempt 2 failed with ECONNRESET
36 http fetch GET https://registry.npmjs.org/react-countup attempt 2 failed with ECONNRESET
37 http fetch GET 200 https://registry.npmjs.org/bootstrap 64807ms attempt #2 (cache updated)
38 http fetch GET 200 https://registry.npmjs.org/aos 66774ms (cache revalidated)
39 http fetch GET 200 https://registry.npmjs.org/boxicons 66770ms (cache revalidated)
40 http fetch GET 200 https://registry.npmjs.org/venobox 67469ms (cache revalidated)
41 http fetch GET 200 https://registry.npmjs.org/@srexi%2fpurecounterjs 67583ms (cache revalidated)
42 http fetch GET 200 https://registry.npmjs.org/@tailwindcss%2fforms 73878ms (cache miss)
43 http fetch GET 200 https://registry.npmjs.org/yet-another-react-lightbox 80429ms (cache updated)
44 verbose type system
45 verbose stack FetchError: Invalid response body while trying to fetch https://registry.npmjs.org/react-dom: read ECONNRESET
45 verbose stack     at C:\Users\notai\AppData\Roaming\npm\node_modules\npm\node_modules\minipass-fetch\lib\body.js:170:15
45 verbose stack     at process.processTicksAndRejections (node:internal/process/task_queues:105:5)
45 verbose stack     at async Response.json (C:\Users\notai\AppData\Roaming\npm\node_modules\npm\node_modules\minipass-fetch\lib\body.js:75:17)
45 verbose stack     at async RegistryFetcher.packument (C:\Users\notai\AppData\Roaming\npm\node_modules\npm\node_modules\pacote\lib\registry.js:98:25)
45 verbose stack     at async #getOutdatedInfo (C:\Users\notai\AppData\Roaming\npm\node_modules\npm\lib\commands\outdated.js:184:25)
45 verbose stack     at async Promise.all (index 16)
45 verbose stack     at async Outdated.exec (C:\Users\notai\AppData\Roaming\npm\node_modules\npm\lib\commands\outdated.js:72:5)
45 verbose stack     at async Npm.exec (C:\Users\notai\AppData\Roaming\npm\node_modules\npm\lib\npm.js:207:9)
45 verbose stack     at async module.exports (C:\Users\notai\AppData\Roaming\npm\node_modules\npm\lib\cli\entry.js:67:5)
46 error code ECONNRESET
47 error syscall read
48 error errno ECONNRESET
49 error network Invalid response body while trying to fetch https://registry.npmjs.org/react-dom: read ECONNRESET
50 error network This is a problem related to network connectivity.
50 error network In most cases you are behind a proxy or have bad network settings.
50 error network
50 error network If you are behind a proxy, please make sure that the
50 error network 'proxy' config is set properly.  See: 'npm help config'
51 verbose cwd g:\notai\VSCodeProjects\tacommodity
52 verbose os Windows_NT 10.0.22631
53 verbose node v22.14.0
54 verbose npm  v11.1.0
55 verbose exit 1
56 verbose code 1
57 error A complete log of this run can be found in: G:\notai\VSCodeProjects\tacommodity\notai\packages\npm\_logs\2025-07-24T12_00_44_784Z-debug-0.log
