0 verbose cli C:\Program Files\nodejs\node.exe C:\Users\notai\AppData\Roaming\npm\node_modules\npm\bin\npm-cli.js
1 info using npm@11.1.0
2 info using node@v22.14.0
3 silly config load:file:C:\Users\notai\AppData\Roaming\npm\node_modules\npm\npmrc
4 silly config load:file:g:\notai\VSCodeProjects\tacommodity\.npmrc
5 silly config load:file:C:\Users\notai\.npmrc
6 silly config load:file:C:\Users\notai\AppData\Roaming\npm\etc\npmrc
7 verbose title npm outdated
8 verbose argv "outdated" "--json"
9 verbose logfile logs-max:10 dir:G:\notai\VSCodeProjects\tacommodity\notai\packages\npm\_logs\2025-04-22T13_25_40_587Z-
10 verbose logfile G:\notai\VSCodeProjects\tacommodity\notai\packages\npm\_logs\2025-04-22T13_25_40_587Z-debug-0.log
11 silly logfile start cleaning logs, removing 1 files
12 silly packumentCache heap:4345298944 maxSize:1086324736 maxEntrySize:543162368
13 silly logfile done cleaning log files
14 http fetch GET https://registry.npmjs.org/@srexi%2fpurecounterjs attempt 1 failed with ENOENT
15 http fetch GET https://registry.npmjs.org/bootstrap-icons attempt 1 failed with ENOENT
16 http fetch GET https://registry.npmjs.org/aws-sdk attempt 1 failed with ENOENT
17 http fetch GET https://registry.npmjs.org/boxicons attempt 1 failed with ENOENT
18 http fetch GET https://registry.npmjs.org/aos attempt 1 failed with ENOENT
19 http fetch GET https://registry.npmjs.org/next attempt 1 failed with ENOENT
20 http fetch GET https://registry.npmjs.org/isotope-layout attempt 1 failed with ENOENT
21 http fetch GET https://registry.npmjs.org/@aws-sdk%2fclient-s3 attempt 1 failed with ENOENT
22 http fetch GET https://registry.npmjs.org/postgres attempt 1 failed with ENOENT
23 http fetch GET https://registry.npmjs.org/bootstrap attempt 1 failed with ENOENT
24 http fetch GET https://registry.npmjs.org/@eslint%2feslintrc attempt 1 failed with ENOENT
25 http fetch GET https://registry.npmjs.org/swiper attempt 1 failed with ENOENT
26 http fetch GET https://registry.npmjs.org/jquery attempt 1 failed with ENOENT
27 http fetch GET https://registry.npmjs.org/react-countup attempt 1 failed with ENOENT
28 http fetch GET https://registry.npmjs.org/@types%2freact attempt 1 failed with ENOENT
29 http fetch GET https://registry.npmjs.org/react-bootstrap-icons attempt 1 failed with ENOENT
30 http fetch GET https://registry.npmjs.org/fslightbox-react attempt 1 failed with ENOENT
31 http fetch GET https://registry.npmjs.org/react attempt 1 failed with ENOENT
32 http fetch GET https://registry.npmjs.org/react-dom attempt 1 failed with ENOENT
33 http fetch GET https://registry.npmjs.org/venobox attempt 1 failed with ENOENT
34 http fetch GET https://registry.npmjs.org/eslint attempt 1 failed with ENOENT
35 http fetch GET https://registry.npmjs.org/yet-another-react-lightbox attempt 1 failed with ENOENT
36 http fetch GET https://registry.npmjs.org/@types%2fnode attempt 1 failed with ENOENT
37 http fetch GET https://registry.npmjs.org/eslint-config-next attempt 1 failed with ENOENT
38 http fetch GET https://registry.npmjs.org/@srexi%2fpurecounterjs attempt 2 failed with ENOENT
39 http fetch GET https://registry.npmjs.org/bootstrap-icons attempt 2 failed with ENOENT
40 http fetch GET https://registry.npmjs.org/aws-sdk attempt 2 failed with ENOENT
41 http fetch GET https://registry.npmjs.org/boxicons attempt 2 failed with ENOENT
42 http fetch GET https://registry.npmjs.org/aos attempt 2 failed with ENOENT
43 http fetch GET https://registry.npmjs.org/next attempt 2 failed with ENOENT
44 http fetch GET https://registry.npmjs.org/isotope-layout attempt 2 failed with ENOENT
45 http fetch GET https://registry.npmjs.org/@aws-sdk%2fclient-s3 attempt 2 failed with ENOENT
46 http fetch GET https://registry.npmjs.org/postgres attempt 2 failed with ENOENT
47 http fetch GET https://registry.npmjs.org/bootstrap attempt 2 failed with ENOENT
48 http fetch GET https://registry.npmjs.org/@eslint%2feslintrc attempt 2 failed with ENOENT
49 http fetch GET https://registry.npmjs.org/swiper attempt 2 failed with ENOENT
50 http fetch GET https://registry.npmjs.org/jquery attempt 2 failed with ENOENT
51 http fetch GET https://registry.npmjs.org/react-countup attempt 2 failed with ENOENT
52 http fetch GET https://registry.npmjs.org/@types%2freact attempt 2 failed with ENOENT
53 http fetch GET https://registry.npmjs.org/react-bootstrap-icons attempt 2 failed with ENOENT
54 http fetch GET https://registry.npmjs.org/fslightbox-react attempt 2 failed with ENOENT
55 http fetch GET https://registry.npmjs.org/react attempt 2 failed with ENOENT
56 http fetch GET https://registry.npmjs.org/react-dom attempt 2 failed with ENOENT
57 http fetch GET https://registry.npmjs.org/venobox attempt 2 failed with ENOENT
58 http fetch GET https://registry.npmjs.org/eslint attempt 2 failed with ENOENT
59 http fetch GET https://registry.npmjs.org/yet-another-react-lightbox attempt 2 failed with ENOENT
60 http fetch GET https://registry.npmjs.org/@types%2fnode attempt 2 failed with ENOENT
61 http fetch GET https://registry.npmjs.org/eslint-config-next attempt 2 failed with ENOENT
62 http fetch GET https://registry.npmjs.org/@srexi%2fpurecounterjs attempt 3 failed with ENOENT
63 http fetch GET https://registry.npmjs.org/bootstrap-icons attempt 3 failed with ENOENT
64 http fetch GET https://registry.npmjs.org/aws-sdk attempt 3 failed with ENOENT
65 http fetch GET https://registry.npmjs.org/boxicons attempt 3 failed with ENOENT
66 http fetch GET https://registry.npmjs.org/aos attempt 3 failed with ENOENT
67 http fetch GET https://registry.npmjs.org/next attempt 3 failed with ENOENT
68 http fetch GET https://registry.npmjs.org/isotope-layout attempt 3 failed with ENOENT
69 http fetch GET https://registry.npmjs.org/@aws-sdk%2fclient-s3 attempt 3 failed with ENOENT
70 http fetch GET https://registry.npmjs.org/postgres attempt 3 failed with ENOENT
71 http fetch GET https://registry.npmjs.org/bootstrap attempt 3 failed with ENOENT
72 http fetch GET https://registry.npmjs.org/@eslint%2feslintrc attempt 3 failed with ENOENT
73 http fetch GET https://registry.npmjs.org/swiper attempt 3 failed with ENOENT
74 http fetch GET https://registry.npmjs.org/jquery attempt 3 failed with ENOENT
75 http fetch GET https://registry.npmjs.org/react-countup attempt 3 failed with ENOENT
76 http fetch GET https://registry.npmjs.org/@types%2freact attempt 3 failed with ENOENT
77 http fetch GET https://registry.npmjs.org/react-bootstrap-icons attempt 3 failed with ENOENT
78 http fetch GET https://registry.npmjs.org/fslightbox-react attempt 3 failed with ENOENT
79 http fetch GET https://registry.npmjs.org/react attempt 3 failed with ENOENT
80 http fetch GET https://registry.npmjs.org/react-dom attempt 3 failed with ENOENT
81 http fetch GET https://registry.npmjs.org/venobox attempt 3 failed with ENOENT
82 http fetch GET https://registry.npmjs.org/eslint attempt 3 failed with ENOENT
83 http fetch GET https://registry.npmjs.org/yet-another-react-lightbox attempt 3 failed with ENOENT
84 http fetch GET https://registry.npmjs.org/@types%2fnode attempt 3 failed with ENOENT
85 http fetch GET https://registry.npmjs.org/eslint-config-next attempt 3 failed with ENOENT
86 http fetch GET 200 https://registry.npmjs.org/@srexi%2fpurecounterjs 70571ms (cache stale)
87 http fetch GET 200 https://registry.npmjs.org/bootstrap-icons 70566ms (cache stale)
88 http fetch GET 200 https://registry.npmjs.org/boxicons 70569ms (cache stale)
89 http fetch GET 200 https://registry.npmjs.org/aos 70579ms (cache stale)
90 http fetch GET 200 https://registry.npmjs.org/aws-sdk 70613ms (cache stale)
91 http fetch GET 200 https://registry.npmjs.org/isotope-layout 70721ms (cache stale)
92 http fetch GET 200 https://registry.npmjs.org/next 70759ms (cache stale)
93 http fetch GET 200 https://registry.npmjs.org/postgres 71019ms (cache stale)
94 http fetch GET 200 https://registry.npmjs.org/@aws-sdk%2fclient-s3 71051ms (cache stale)
95 http fetch GET 200 https://registry.npmjs.org/@eslint%2feslintrc 71025ms (cache stale)
96 http fetch GET 200 https://registry.npmjs.org/swiper 71030ms (cache stale)
97 http fetch GET 200 https://registry.npmjs.org/bootstrap 71047ms (cache stale)
98 http fetch GET 200 https://registry.npmjs.org/jquery 71042ms (cache stale)
99 http fetch GET 200 https://registry.npmjs.org/react-countup 71038ms (cache stale)
100 http fetch GET 200 https://registry.npmjs.org/@types%2freact 71035ms (cache stale)
101 http fetch GET 200 https://registry.npmjs.org/react-bootstrap-icons 71046ms (cache stale)
102 http fetch GET 200 https://registry.npmjs.org/venobox 71045ms (cache stale)
103 http fetch GET 200 https://registry.npmjs.org/eslint 71044ms (cache stale)
104 verbose type system
105 verbose stack FetchError: request to https://registry.npmjs.org/fslightbox-react failed, reason: getaddrinfo ENOENT registry.npmjs.org
105 verbose stack     at ClientRequest.<anonymous> (C:\Users\notai\AppData\Roaming\npm\node_modules\npm\node_modules\minipass-fetch\lib\index.js:130:14)
105 verbose stack     at ClientRequest.emit (node:events:518:28)
105 verbose stack     at emitErrorEvent (node:_http_client:104:11)
105 verbose stack     at _destroy (node:_http_client:898:9)
105 verbose stack     at onSocketNT (node:_http_client:918:5)
105 verbose stack     at process.processTicksAndRejections (node:internal/process/task_queues:91:21)
106 error code ENOENT
107 error syscall getaddrinfo
108 error errno ENOENT
109 error enoent request to https://registry.npmjs.org/fslightbox-react failed, reason: getaddrinfo ENOENT registry.npmjs.org
110 error enoent This is related to npm not being able to find a file.
110 error enoent
111 verbose cwd g:\notai\VSCodeProjects\tacommodity
112 verbose os Windows_NT 10.0.22631
113 verbose node v22.14.0
114 verbose npm  v11.1.0
115 verbose exit 1
116 verbose code 1
117 error A complete log of this run can be found in: G:\notai\VSCodeProjects\tacommodity\notai\packages\npm\_logs\2025-04-22T13_25_40_587Z-debug-0.log
