0 verbose cli C:\Program Files\nodejs\node.exe C:\Users\notai\AppData\Roaming\npm\node_modules\npm\bin\npm-cli.js
1 info using npm@11.1.0
2 info using node@v22.14.0
3 silly config load:file:C:\Users\notai\AppData\Roaming\npm\node_modules\npm\npmrc
4 silly config load:file:G:\notai\VSCodeProjects\tacommodity\.npmrc
5 silly config load:file:C:\Users\notai\.npmrc
6 silly config load:file:C:\Users\notai\AppData\Roaming\npm\etc\npmrc
7 verbose title npm install fslightbox-react
8 verbose argv "install" "fslightbox-react"
9 verbose logfile logs-max:10 dir:G:\notai\VSCodeProjects\tacommodity\notai\packages\npm\_logs\2025-04-21T06_13_07_299Z-
10 verbose logfile G:\notai\VSCodeProjects\tacommodity\notai\packages\npm\_logs\2025-04-21T06_13_07_299Z-debug-0.log
11 silly logfile start cleaning logs, removing 1 files
12 silly packumentCache heap:4345298944 maxSize:1086324736 maxEntrySize:543162368
13 silly logfile done cleaning log files
14 silly idealTree buildDeps
15 silly fetch manifest fslightbox-react@*
16 silly packumentCache full:https://registry.npmjs.org/fslightbox-react cache-miss
17 http fetch GET 200 https://registry.npmjs.org/fslightbox-react 1861ms (cache miss)
18 silly packumentCache full:https://registry.npmjs.org/fslightbox-react set size:undefined disposed:false
19 silly fetch manifest prop-types@>=15.6.2
20 silly packumentCache full:https://registry.npmjs.org/prop-types cache-miss
21 http fetch GET 200 https://registry.npmjs.org/prop-types 310ms (cache updated)
22 silly packumentCache full:https://registry.npmjs.org/prop-types set size:undefined disposed:false
23 silly fetch manifest react@^19.0.0
24 silly packumentCache full:https://registry.npmjs.org/react cache-miss
25 http fetch GET 200 https://registry.npmjs.org/react 1116ms (cache updated)
26 silly packumentCache full:https://registry.npmjs.org/react set size:undefined disposed:false
27 silly fetch manifest react-dom@^19.0.0
28 silly packumentCache full:https://registry.npmjs.org/react-dom cache-miss
29 http fetch GET 200 https://registry.npmjs.org/react-dom 449ms (cache updated)
30 silly packumentCache full:https://registry.npmjs.org/react-dom set size:undefined disposed:false
31 silly placeDep ROOT fslightbox-react@1.8.0 OK for: tacommodity@0.1.0 want: *
32 silly reify moves {}
33 silly audit bulk request {
33 silly audit   '@aws-crypto/crc32': [ '5.2.0' ],
33 silly audit   '@aws-crypto/crc32c': [ '5.2.0' ],
33 silly audit   '@aws-crypto/sha1-browser': [ '5.2.0' ],
33 silly audit   '@smithy/is-array-buffer': [ '2.2.0', '4.0.0' ],
33 silly audit   '@smithy/util-buffer-from': [ '2.2.0', '4.0.0' ],
33 silly audit   '@smithy/util-utf8': [ '2.3.0', '4.0.0' ],
33 silly audit   '@aws-crypto/sha256-browser': [ '5.2.0' ],
33 silly audit   '@aws-crypto/sha256-js': [ '5.2.0' ],
33 silly audit   '@aws-crypto/supports-web-crypto': [ '5.2.0' ],
33 silly audit   '@aws-crypto/util': [ '5.2.0' ],
33 silly audit   '@aws-sdk/client-s3': [ '3.750.0' ],
33 silly audit   '@aws-sdk/client-sso': [ '3.750.0' ],
33 silly audit   '@aws-sdk/core': [ '3.750.0' ],
33 silly audit   '@aws-sdk/credential-provider-env': [ '3.750.0' ],
33 silly audit   '@aws-sdk/credential-provider-http': [ '3.750.0' ],
33 silly audit   '@aws-sdk/credential-provider-ini': [ '3.750.0' ],
33 silly audit   '@aws-sdk/credential-provider-node': [ '3.750.0' ],
33 silly audit   '@aws-sdk/credential-provider-process': [ '3.750.0' ],
33 silly audit   '@aws-sdk/credential-provider-sso': [ '3.750.0' ],
33 silly audit   '@aws-sdk/credential-provider-web-identity': [ '3.750.0' ],
33 silly audit   '@aws-sdk/middleware-bucket-endpoint': [ '3.734.0' ],
33 silly audit   '@aws-sdk/middleware-expect-continue': [ '3.734.0' ],
33 silly audit   '@aws-sdk/middleware-flexible-checksums': [ '3.750.0' ],
33 silly audit   '@aws-sdk/middleware-host-header': [ '3.734.0' ],
33 silly audit   '@aws-sdk/middleware-location-constraint': [ '3.734.0' ],
33 silly audit   '@aws-sdk/middleware-logger': [ '3.734.0' ],
33 silly audit   '@aws-sdk/middleware-recursion-detection': [ '3.734.0' ],
33 silly audit   '@aws-sdk/middleware-sdk-s3': [ '3.750.0' ],
33 silly audit   '@aws-sdk/middleware-ssec': [ '3.734.0' ],
33 silly audit   '@aws-sdk/middleware-user-agent': [ '3.750.0' ],
33 silly audit   '@aws-sdk/nested-clients': [ '3.750.0' ],
33 silly audit   '@aws-sdk/region-config-resolver': [ '3.734.0' ],
33 silly audit   '@aws-sdk/signature-v4-multi-region': [ '3.750.0' ],
33 silly audit   '@aws-sdk/token-providers': [ '3.750.0' ],
33 silly audit   '@aws-sdk/types': [ '3.734.0' ],
33 silly audit   '@aws-sdk/util-arn-parser': [ '3.723.0' ],
33 silly audit   '@aws-sdk/util-endpoints': [ '3.743.0' ],
33 silly audit   '@aws-sdk/util-locate-window': [ '3.723.0' ],
33 silly audit   '@aws-sdk/util-user-agent-browser': [ '3.734.0' ],
33 silly audit   '@aws-sdk/util-user-agent-node': [ '3.750.0' ],
33 silly audit   '@aws-sdk/xml-builder': [ '3.734.0' ],
33 silly audit   '@babel/runtime': [ '7.26.9' ],
33 silly audit   '@emnapi/runtime': [ '1.3.1' ],
33 silly audit   '@eslint-community/eslint-utils': [ '4.4.1' ],
33 silly audit   'eslint-visitor-keys': [ '3.4.3', '4.2.0' ],
33 silly audit   '@eslint-community/regexpp': [ '4.12.1' ],
33 silly audit   '@eslint/config-array': [ '0.19.2' ],
33 silly audit   '@eslint/core': [ '0.11.0', '0.10.0' ],
33 silly audit   '@eslint/eslintrc': [ '3.2.0' ],
33 silly audit   '@eslint/js': [ '9.20.0' ],
33 silly audit   '@eslint/object-schema': [ '2.1.6' ],
33 silly audit   '@eslint/plugin-kit': [ '0.2.5' ],
33 silly audit   '@humanfs/core': [ '0.19.1' ],
33 silly audit   '@humanfs/node': [ '0.16.6' ],
33 silly audit   '@humanwhocodes/retry': [ '0.3.1', '0.4.1' ],
33 silly audit   '@humanwhocodes/module-importer': [ '1.0.1' ],
33 silly audit   '@img/sharp-darwin-arm64': [ '0.33.5' ],
33 silly audit   '@img/sharp-darwin-x64': [ '0.33.5' ],
33 silly audit   '@img/sharp-libvips-darwin-arm64': [ '1.0.4' ],
33 silly audit   '@img/sharp-libvips-darwin-x64': [ '1.0.4' ],
33 silly audit   '@img/sharp-libvips-linux-arm': [ '1.0.5' ],
33 silly audit   '@img/sharp-libvips-linux-arm64': [ '1.0.4' ],
33 silly audit   '@img/sharp-libvips-linux-s390x': [ '1.0.4' ],
33 silly audit   '@img/sharp-libvips-linux-x64': [ '1.0.4' ],
33 silly audit   '@img/sharp-libvips-linuxmusl-arm64': [ '1.0.4' ],
33 silly audit   '@img/sharp-libvips-linuxmusl-x64': [ '1.0.4' ],
33 silly audit   '@img/sharp-linux-arm': [ '0.33.5' ],
33 silly audit   '@img/sharp-linux-arm64': [ '0.33.5' ],
33 silly audit   '@img/sharp-linux-s390x': [ '0.33.5' ],
33 silly audit   '@img/sharp-linux-x64': [ '0.33.5' ],
33 silly audit   '@img/sharp-linuxmusl-arm64': [ '0.33.5' ],
33 silly audit   '@img/sharp-linuxmusl-x64': [ '0.33.5' ],
33 silly audit   '@img/sharp-wasm32': [ '0.33.5' ],
33 silly audit   '@img/sharp-win32-ia32': [ '0.33.5' ],
33 silly audit   '@img/sharp-win32-x64': [ '0.33.5' ],
33 silly audit   '@next/env': [ '15.1.7' ],
33 silly audit   '@next/eslint-plugin-next': [ '15.1.7' ],
33 silly audit   '@next/swc-darwin-arm64': [ '15.1.7' ],
33 silly audit   '@next/swc-darwin-x64': [ '15.1.7' ],
33 silly audit   '@next/swc-linux-arm64-gnu': [ '15.1.7' ],
33 silly audit   '@next/swc-linux-arm64-musl': [ '15.1.7' ],
33 silly audit   '@next/swc-linux-x64-gnu': [ '15.1.7' ],
33 silly audit   '@next/swc-linux-x64-musl': [ '15.1.7' ],
33 silly audit   '@next/swc-win32-arm64-msvc': [ '15.1.7' ],
33 silly audit   '@next/swc-win32-x64-msvc': [ '15.1.7' ],
33 silly audit   '@nodelib/fs.scandir': [ '2.1.5' ],
33 silly audit   '@nodelib/fs.stat': [ '2.0.5' ],
33 silly audit   '@nodelib/fs.walk': [ '1.2.8' ],
33 silly audit   '@nolyfill/is-core-module': [ '1.0.39' ],
33 silly audit   '@popperjs/core': [ '2.11.8' ],
33 silly audit   '@rtsao/scc': [ '1.1.0' ],
33 silly audit   '@rushstack/eslint-patch': [ '1.10.5' ],
33 silly audit   '@smithy/abort-controller': [ '4.0.1' ],
33 silly audit   '@smithy/chunked-blob-reader': [ '5.0.0' ],
33 silly audit   '@smithy/chunked-blob-reader-native': [ '4.0.0' ],
33 silly audit   '@smithy/config-resolver': [ '4.0.1' ],
33 silly audit   '@smithy/core': [ '3.1.5' ],
33 silly audit   '@smithy/credential-provider-imds': [ '4.0.1' ],
33 silly audit   '@smithy/eventstream-codec': [ '4.0.1' ],
33 silly audit   '@smithy/eventstream-serde-browser': [ '4.0.1' ],
33 silly audit   '@smithy/eventstream-serde-config-resolver': [ '4.0.1' ],
33 silly audit   '@smithy/eventstream-serde-node': [ '4.0.1' ],
33 silly audit   '@smithy/eventstream-serde-universal': [ '4.0.1' ],
33 silly audit   '@smithy/fetch-http-handler': [ '5.0.1' ],
33 silly audit   '@smithy/hash-blob-browser': [ '4.0.1' ],
33 silly audit   '@smithy/hash-node': [ '4.0.1' ],
33 silly audit   '@smithy/hash-stream-node': [ '4.0.1' ],
33 silly audit   '@smithy/invalid-dependency': [ '4.0.1' ],
33 silly audit   '@smithy/md5-js': [ '4.0.1' ],
33 silly audit   '@smithy/middleware-content-length': [ '4.0.1' ],
33 silly audit   '@smithy/middleware-endpoint': [ '4.0.6' ],
33 silly audit   '@smithy/middleware-retry': [ '4.0.7' ],
33 silly audit   '@smithy/middleware-serde': [ '4.0.2' ],
33 silly audit   '@smithy/middleware-stack': [ '4.0.1' ],
33 silly audit   '@smithy/node-config-provider': [ '4.0.1' ],
33 silly audit   '@smithy/node-http-handler': [ '4.0.3' ],
33 silly audit   '@smithy/property-provider': [ '4.0.1' ],
33 silly audit   '@smithy/protocol-http': [ '5.0.1' ],
33 silly audit   '@smithy/querystring-builder': [ '4.0.1' ],
33 silly audit   '@smithy/querystring-parser': [ '4.0.1' ],
33 silly audit   '@smithy/service-error-classification': [ '4.0.1' ],
33 silly audit   '@smithy/shared-ini-file-loader': [ '4.0.1' ],
33 silly audit   '@smithy/signature-v4': [ '5.0.1' ],
33 silly audit   '@smithy/smithy-client': [ '4.1.6' ],
33 silly audit   '@smithy/types': [ '4.1.0' ],
33 silly audit   '@smithy/url-parser': [ '4.0.1' ],
33 silly audit   '@smithy/util-base64': [ '4.0.0' ],
33 silly audit   '@smithy/util-body-length-browser': [ '4.0.0' ],
33 silly audit   '@smithy/util-body-length-node': [ '4.0.0' ],
33 silly audit   '@smithy/util-config-provider': [ '4.0.0' ],
33 silly audit   '@smithy/util-defaults-mode-browser': [ '4.0.7' ],
33 silly audit   '@smithy/util-defaults-mode-node': [ '4.0.7' ],
33 silly audit   '@smithy/util-endpoints': [ '3.0.1' ],
33 silly audit   '@smithy/util-hex-encoding': [ '4.0.0' ],
33 silly audit   '@smithy/util-middleware': [ '4.0.1' ],
33 silly audit   '@smithy/util-retry': [ '4.0.1' ],
33 silly audit   '@smithy/util-stream': [ '4.1.2' ],
33 silly audit   '@smithy/util-uri-escape': [ '4.0.0' ],
33 silly audit   '@smithy/util-waiter': [ '4.0.2' ],
33 silly audit   '@srexi/purecounterjs': [ '1.5.0' ],
33 silly audit   '@swc/counter': [ '0.1.3' ],
33 silly audit   '@swc/helpers': [ '0.5.15' ],
33 silly audit   '@types/estree': [ '1.0.6' ],
33 silly audit   '@types/json-schema': [ '7.0.15' ],
33 silly audit   '@types/json5': [ '0.0.29' ],
33 silly audit   '@types/node': [ '22.13.5' ],
33 silly audit   '@types/react': [ '19.0.10' ],
33 silly audit   '@typescript-eslint/eslint-plugin': [ '8.24.0' ],
33 silly audit   '@typescript-eslint/parser': [ '8.24.0' ],
33 silly audit   '@typescript-eslint/scope-manager': [ '8.24.0' ],
33 silly audit   '@typescript-eslint/type-utils': [ '8.24.0' ],
33 silly audit   '@typescript-eslint/types': [ '8.24.0' ],
33 silly audit   '@typescript-eslint/typescript-estree': [ '8.24.0' ],
33 silly audit   'brace-expansion': [ '2.0.1', '1.1.11' ],
33 silly audit   'fast-glob': [ '3.3.3', '3.3.1' ],
33 silly audit   'glob-parent': [ '5.1.2', '6.0.2' ],
33 silly audit   minimatch: [ '9.0.5', '3.1.2' ],
33 silly audit   '@typescript-eslint/utils': [ '8.24.0' ],
33 silly audit   '@typescript-eslint/visitor-keys': [ '8.24.0' ],
33 silly audit   '@webcomponents/webcomponentsjs': [ '2.8.0' ],
33 silly audit   acorn: [ '8.14.0' ],
33 silly audit   'acorn-jsx': [ '5.3.2' ],
33 silly audit   ajv: [ '6.12.6' ],
33 silly audit   'ansi-styles': [ '4.3.0' ],
33 silly audit   aos: [ '2.3.4' ],
33 silly audit   argparse: [ '2.0.1' ],
33 silly audit   'aria-query': [ '5.3.2' ],
33 silly audit   'array-buffer-byte-length': [ '1.0.2' ],
33 silly audit   'array-includes': [ '3.1.8' ],
33 silly audit   'array.prototype.findlast': [ '1.2.5' ],
33 silly audit   'array.prototype.findlastindex': [ '1.2.5' ],
33 silly audit   'array.prototype.flat': [ '1.3.3' ],
33 silly audit   'array.prototype.flatmap': [ '1.3.3' ],
33 silly audit   'array.prototype.tosorted': [ '1.1.4' ],
33 silly audit   'arraybuffer.prototype.slice': [ '1.0.4' ],
33 silly audit   'ast-types-flow': [ '0.0.8' ],
33 silly audit   'async-function': [ '1.0.0' ],
33 silly audit   'available-typed-arrays': [ '1.0.7' ],
33 silly audit   'aws-sdk': [ '2.1692.0' ],
33 silly audit   uuid: [ '8.0.0', '9.0.1' ],
33 silly audit   'axe-core': [ '4.10.2' ],
33 silly audit   'axobject-query': [ '4.1.0' ],
33 silly audit   'balanced-match': [ '1.0.2' ],
33 silly audit   'base64-js': [ '1.5.1' ],
33 silly audit   bootstrap: [ '5.3.3' ],
33 silly audit   'bootstrap-icons': [ '1.11.3' ],
33 silly audit   bowser: [ '2.11.0' ],
33 silly audit   boxicons: [ '2.1.4' ],
33 silly audit   react: [ '16.14.0', '19.0.0' ],
33 silly audit   'react-dom': [ '16.14.0', '19.0.0' ],
33 silly audit   scheduler: [ '0.19.1', '0.25.0' ],
33 silly audit   braces: [ '3.0.3' ],
33 silly audit   buffer: [ '4.9.2' ],
33 silly audit   isarray: [ '1.0.0', '2.0.5', '0.0.1' ],
33 silly audit   busboy: [ '1.6.0' ],
33 silly audit   'call-bind': [ '1.0.8' ],
33 silly audit   'call-bind-apply-helpers': [ '1.0.2' ],
33 silly audit   'call-bound': [ '1.0.3' ],
33 silly audit   callsites: [ '3.1.0' ],
33 silly audit   'caniuse-lite': [ '1.0.30001700' ],
33 silly audit   chalk: [ '4.1.2' ],
33 silly audit   'classlist-polyfill': [ '1.2.0' ],
33 silly audit   'client-only': [ '0.0.1' ],
33 silly audit   color: [ '4.2.3' ],
33 silly audit   'color-convert': [ '2.0.1' ],
33 silly audit   'color-name': [ '1.1.4' ],
33 silly audit   'color-string': [ '1.9.1' ],
33 silly audit   'concat-map': [ '0.0.1' ],
33 silly audit   'countup.js': [ '2.8.0' ],
33 silly audit   'cross-spawn': [ '7.0.6' ],
33 silly audit   csstype: [ '3.1.3' ],
33 silly audit   'damerau-levenshtein': [ '1.0.8' ],
33 silly audit   'data-view-buffer': [ '1.0.2' ],
33 silly audit   'data-view-byte-length': [ '1.0.2' ],
33 silly audit   'data-view-byte-offset': [ '1.0.1' ],
33 silly audit   debug: [ '4.4.0', '3.2.7' ],
33 silly audit   'deep-is': [ '0.1.4' ],
33 silly audit   'define-data-property': [ '1.1.4' ],
33 silly audit   'define-properties': [ '1.2.1' ],
33 silly audit   'desandro-matches-selector': [ '2.0.2' ],
33 silly audit   'detect-hover': [ '1.0.3' ],
33 silly audit   'detect-it': [ '3.0.7' ],
33 silly audit   'detect-libc': [ '2.0.3' ],
33 silly audit   'detect-passive-events': [ '1.0.5' ],
33 silly audit   'detect-pointer': [ '1.0.3' ],
33 silly audit   'detect-touch-events': [ '2.0.2' ],
33 silly audit   doctrine: [ '2.1.0' ],
33 silly audit   'dunder-proto': [ '1.0.1' ],
33 silly audit   'emoji-regex': [ '9.2.2' ],
33 silly audit   'enhanced-resolve': [ '5.18.1' ],
33 silly audit   'es-abstract': [ '1.23.9' ],
33 silly audit   'es-define-property': [ '1.0.1' ],
33 silly audit   'es-errors': [ '1.3.0' ],
33 silly audit   'es-iterator-helpers': [ '1.2.1' ],
33 silly audit   'es-object-atoms': [ '1.1.1' ],
33 silly audit   'es-set-tostringtag': [ '2.1.0' ],
33 silly audit   'es-shim-unscopables': [ '1.1.0' ],
33 silly audit   'es-to-primitive': [ '1.3.0' ],
33 silly audit   'escape-string-regexp': [ '4.0.0' ],
33 silly audit   eslint: [ '9.20.1' ],
33 silly audit   'eslint-config-next': [ '15.1.7' ],
33 silly audit   'eslint-import-resolver-node': [ '0.3.9' ],
33 silly audit   'eslint-import-resolver-typescript': [ '3.8.0' ],
33 silly audit   'eslint-module-utils': [ '2.12.0' ],
33 silly audit   'eslint-plugin-import': [ '2.31.0' ],
33 silly audit   semver: [ '6.3.1', '7.7.1' ],
33 silly audit   'eslint-plugin-jsx-a11y': [ '6.10.2' ],
33 silly audit   'eslint-plugin-react': [ '7.37.4' ],
33 silly audit   'eslint-plugin-react-hooks': [ '5.1.0' ],
33 silly audit   resolve: [ '2.0.0-next.5', '1.22.10' ],
33 silly audit   'eslint-scope': [ '8.2.0' ],
33 silly audit   espree: [ '10.3.0' ],
33 silly audit   esquery: [ '1.6.0' ],
33 silly audit   esrecurse: [ '4.3.0' ],
33 silly audit   estraverse: [ '5.3.0' ],
33 silly audit   esutils: [ '2.0.3' ],
33 silly audit   'ev-emitter': [ '1.1.1' ],
33 silly audit   events: [ '1.1.1' ],
33 silly audit   'fast-deep-equal': [ '3.1.3' ],
33 silly audit   'fast-json-stable-stringify': [ '2.1.0' ],
33 silly audit   'fast-levenshtein': [ '2.0.6' ],
33 silly audit   'fast-xml-parser': [ '4.4.1' ],
33 silly audit   fastq: [ '1.19.0' ],
33 silly audit   'file-entry-cache': [ '8.0.0' ],
33 silly audit   'fill-range': [ '7.1.1' ],
33 silly audit   'find-up': [ '5.0.0' ],
33 silly audit   'fizzy-ui-utils': [ '2.0.7' ],
33 silly audit   'flat-cache': [ '4.0.1' ],
33 silly audit   flatted: [ '3.3.2' ],
33 silly audit   'for-each': [ '0.3.5' ],
33 silly audit   'function-bind': [ '1.1.2' ],
33 silly audit   'function.prototype.name': [ '1.1.8' ],
33 silly audit   'functions-have-names': [ '1.2.3' ],
33 silly audit   'get-intrinsic': [ '1.2.7' ],
33 silly audit   'get-proto': [ '1.0.1' ],
33 silly audit   'get-size': [ '2.0.3' ],
33 silly audit   'get-symbol-description': [ '1.1.0' ],
33 silly audit   'get-tsconfig': [ '4.10.0' ],
33 silly audit   globals: [ '14.0.0' ],
33 silly audit   globalthis: [ '1.0.4' ],
33 silly audit   gopd: [ '1.2.0' ],
33 silly audit   'graceful-fs': [ '4.2.11' ],
33 silly audit   graphemer: [ '1.4.0' ],
33 silly audit   'has-bigints': [ '1.1.0' ],
33 silly audit   'has-flag': [ '4.0.0' ],
33 silly audit   'has-property-descriptors': [ '1.0.2' ],
33 silly audit   'has-proto': [ '1.2.0' ],
33 silly audit   'has-symbols': [ '1.1.0' ],
33 silly audit   'has-tostringtag': [ '1.0.2' ],
33 silly audit   hasown: [ '2.0.2' ],
33 silly audit   history: [ '4.10.1' ],
33 silly audit   'hoist-non-react-statics': [ '2.5.5' ],
33 silly audit   ieee754: [ '1.1.13' ],
33 silly audit   ignore: [ '5.3.2' ],
33 silly audit   'import-fresh': [ '3.3.1' ],
33 silly audit   imurmurhash: [ '0.1.4' ],
33 silly audit   inherits: [ '2.0.4' ],
33 silly audit   'internal-slot': [ '1.1.0' ],
33 silly audit   invariant: [ '2.2.4' ],
33 silly audit   'is-arguments': [ '1.2.0' ],
33 silly audit   'is-array-buffer': [ '3.0.5' ],
33 silly audit   'is-arrayish': [ '0.3.2' ],
33 silly audit   'is-async-function': [ '2.1.1' ],
33 silly audit   'is-bigint': [ '1.1.0' ],
33 silly audit   'is-boolean-object': [ '1.2.2' ],
33 silly audit   'is-bun-module': [ '1.3.0' ],
33 silly audit   'is-callable': [ '1.2.7' ],
33 silly audit   'is-core-module': [ '2.16.1' ],
33 silly audit   'is-data-view': [ '1.0.2' ],
33 silly audit   'is-date-object': [ '1.1.0' ],
33 silly audit   'is-extglob': [ '2.1.1' ],
33 silly audit   'is-finalizationregistry': [ '1.1.1' ],
33 silly audit   'is-generator-function': [ '1.1.0' ],
33 silly audit   'is-glob': [ '4.0.3' ],
33 silly audit   'is-map': [ '2.0.3' ],
33 silly audit   'is-number': [ '7.0.0' ],
33 silly audit   'is-number-object': [ '1.1.1' ],
33 silly audit   'is-regex': [ '1.2.1' ],
33 silly audit   'is-set': [ '2.0.3' ],
33 silly audit   'is-shared-array-buffer': [ '1.0.4' ],
33 silly audit   'is-string': [ '1.1.1' ],
33 silly audit   'is-symbol': [ '1.1.1' ],
33 silly audit   'is-typed-array': [ '1.1.15' ],
33 silly audit   'is-weakmap': [ '2.0.2' ],
33 silly audit   'is-weakref': [ '1.1.1' ],
33 silly audit   'is-weakset': [ '2.0.4' ],
33 silly audit   isexe: [ '2.0.0' ],
33 silly audit   'isotope-layout': [ '3.0.6' ],
33 silly audit   'iterator.prototype': [ '1.1.5' ],
33 silly audit   jmespath: [ '0.16.0' ],
33 silly audit   jquery: [ '3.7.1' ],
33 silly audit   'js-tokens': [ '4.0.0' ],
33 silly audit   'js-yaml': [ '4.1.0' ],
33 silly audit   'json-buffer': [ '3.0.1' ],
33 silly audit   'json-schema-traverse': [ '0.4.1' ],
33 silly audit   'json-stable-stringify-without-jsonify': [ '1.0.1' ],
33 silly audit   json5: [ '1.0.2' ],
33 silly audit   'jsx-ast-utils': [ '3.3.5' ],
33 silly audit   keyv: [ '4.5.4' ],
33 silly audit   'language-subtag-registry': [ '0.3.23' ],
33 silly audit   'language-tags': [ '1.0.9' ],
33 silly audit   levn: [ '0.4.1' ],
33 silly audit   'locate-path': [ '6.0.0' ],
33 silly audit   'lodash.debounce': [ '4.0.8' ],
33 silly audit   'lodash.merge': [ '4.6.2' ],
33 silly audit   'lodash.throttle': [ '4.1.1' ],
33 silly audit   'loose-envify': [ '1.4.0' ],
33 silly audit   'masonry-layout': [ '4.2.2' ],
33 silly audit   'math-intrinsics': [ '1.1.0' ],
33 silly audit   merge2: [ '1.4.1' ],
33 silly audit   micromatch: [ '4.0.8' ],
33 silly audit   minimist: [ '1.2.8' ],
33 silly audit   ms: [ '2.1.3' ],
33 silly audit   nanoid: [ '3.3.8' ],
33 silly audit   'natural-compare': [ '1.4.0' ],
33 silly audit   next: [ '15.1.7' ],
33 silly audit   'object-assign': [ '4.1.1' ],
33 silly audit   'object-inspect': [ '1.13.4' ],
33 silly audit   'object-keys': [ '1.1.1' ],
33 silly audit   'object.assign': [ '4.1.7' ],
33 silly audit   'object.entries': [ '1.1.8' ],
33 silly audit   'object.fromentries': [ '2.0.8' ],
33 silly audit   'object.groupby': [ '1.0.3' ],
33 silly audit   'object.values': [ '1.2.1' ],
33 silly audit   optionator: [ '0.9.4' ],
33 silly audit   outlayer: [ '2.1.1' ],
33 silly audit   'own-keys': [ '1.0.1' ],
33 silly audit   'p-limit': [ '3.1.0' ],
33 silly audit   'p-locate': [ '5.0.0' ],
33 silly audit   'parent-module': [ '1.0.1' ],
33 silly audit   'path-exists': [ '4.0.0' ],
33 silly audit   'path-key': [ '3.1.1' ],
33 silly audit   'path-parse': [ '1.0.7' ],
33 silly audit   'path-to-regexp': [ '1.9.0' ],
33 silly audit   picocolors: [ '1.1.1' ],
33 silly audit   picomatch: [ '2.3.1', '4.0.2' ],
33 silly audit   'possible-typed-array-names': [ '1.1.0' ],
33 silly audit   postcss: [ '8.4.31' ],
33 silly audit   postgres: [ '3.4.5' ],
33 silly audit   'prelude-ls': [ '1.2.1' ],
33 silly audit   'prop-types': [ '15.8.1' ],
33 silly audit   punycode: [ '2.3.1', '1.3.2' ],
33 silly audit   querystring: [ '0.2.0' ],
33 silly audit   'queue-microtask': [ '1.2.3' ],
33 silly audit   'react-bootstrap-icons': [ '1.11.5' ],
33 silly audit   'react-countup': [ '6.5.3' ],
33 silly audit   'react-interactive': [ '0.8.3' ],
33 silly audit   'react-is': [ '16.13.1' ],
33 silly audit   'react-router': [ '4.3.1' ],
33 silly audit   'react-router-dom': [ '4.3.1' ],
33 silly audit   'reflect.getprototypeof': [ '1.0.10' ],
33 silly audit   'regenerator-runtime': [ '0.14.1' ],
33 silly audit   'regexp.prototype.flags': [ '1.5.4' ],
33 silly audit   'resolve-from': [ '4.0.0' ],
33 silly audit   'resolve-pathname': [ '3.0.0' ],
33 silly audit   'resolve-pkg-maps': [ '1.0.0' ],
33 silly audit   reusify: [ '1.0.4' ],
33 silly audit   'run-parallel': [ '1.2.0' ],
33 silly audit   'safe-array-concat': [ '1.1.3' ],
33 silly audit   'safe-push-apply': [ '1.0.0' ],
33 silly audit   'safe-regex-test': [ '1.1.0' ],
33 silly audit   sax: [ '1.2.1' ],
33 silly audit   'set-function-length': [ '1.2.2' ],
33 silly audit   'set-function-name': [ '2.0.2' ],
33 silly audit   'set-proto': [ '1.0.0' ],
33 silly audit   sharp: [ '0.33.5' ],
33 silly audit   'shebang-command': [ '2.0.0' ],
33 silly audit   'shebang-regex': [ '3.0.0' ],
33 silly audit   'side-channel': [ '1.1.0' ],
33 silly audit   'side-channel-list': [ '1.0.0' ],
33 silly audit   'side-channel-map': [ '1.0.1' ],
33 silly audit   'side-channel-weakmap': [ '1.0.2' ],
33 silly audit   'simple-swizzle': [ '0.2.2' ],
33 silly audit   'source-map-js': [ '1.2.1' ],
33 silly audit   'stable-hash': [ '0.0.4' ],
33 silly audit   streamsearch: [ '1.1.0' ],
33 silly audit   'string.prototype.includes': [ '2.0.1' ],
33 silly audit   'string.prototype.matchall': [ '4.0.12' ],
33 silly audit   'string.prototype.repeat': [ '1.0.0' ],
33 silly audit   'string.prototype.trim': [ '1.2.10' ],
33 silly audit   'string.prototype.trimend': [ '1.0.9' ],
33 silly audit   'string.prototype.trimstart': [ '1.0.8' ],
33 silly audit   'strip-bom': [ '3.0.0' ],
33 silly audit   'strip-json-comments': [ '3.1.1' ],
33 silly audit   strnum: [ '1.1.1' ],
33 silly audit   'styled-jsx': [ '5.1.6' ],
33 silly audit   'supports-color': [ '7.2.0' ],
33 silly audit   'supports-preserve-symlinks-flag': [ '1.0.0' ],
33 silly audit   swiper: [ '11.2.4' ],
33 silly audit   tapable: [ '2.2.1' ],
33 silly audit   'tiny-invariant': [ '1.3.3' ],
33 silly audit   'tiny-warning': [ '1.0.3' ],
33 silly audit   tinyglobby: [ '0.2.10' ],
33 silly audit   fdir: [ '6.4.3' ],
33 silly audit   'to-regex-range': [ '5.0.1' ],
33 silly audit   'ts-api-utils': [ '2.0.1' ],
33 silly audit   'tsconfig-paths': [ '3.15.0' ],
33 silly audit   tslib: [ '2.8.1' ],
33 silly audit   'type-check': [ '0.4.0' ],
33 silly audit   'typed-array-buffer': [ '1.0.3' ],
33 silly audit   'typed-array-byte-length': [ '1.0.3' ],
33 silly audit   'typed-array-byte-offset': [ '1.0.4' ],
33 silly audit   'typed-array-length': [ '1.0.7' ],
33 silly audit   typescript: [ '5.7.3' ],
33 silly audit   'unbox-primitive': [ '1.1.0' ],
33 silly audit   'undici-types': [ '6.20.0' ],
33 silly audit   'uri-js': [ '4.4.1' ],
33 silly audit   url: [ '0.10.3' ],
33 silly audit   util: [ '0.12.5' ],
33 silly audit   'value-equal': [ '1.0.1' ],
33 silly audit   venobox: [ '2.1.8' ],
33 silly audit   warning: [ '4.0.3' ],
33 silly audit   which: [ '2.0.2' ],
33 silly audit   'which-boxed-primitive': [ '1.1.1' ],
33 silly audit   'which-builtin-type': [ '1.2.1' ],
33 silly audit   'which-collection': [ '1.0.2' ],
33 silly audit   'which-typed-array': [ '1.1.18' ],
33 silly audit   'word-wrap': [ '1.2.5' ],
33 silly audit   xml2js: [ '0.6.2' ],
33 silly audit   xmlbuilder: [ '11.0.1' ],
33 silly audit   'yet-another-react-lightbox': [ '3.22.0' ],
33 silly audit   'yocto-queue': [ '0.1.0' ],
33 silly audit   'fslightbox-react': [ '1.8.0' ]
33 silly audit }
34 verbose reify failed optional dependency G:\notai\VSCodeProjects\tacommodity\node_modules\@next\swc-win32-arm64-msvc
35 silly reify mark deleted [
35 silly reify   'G:\\notai\\VSCodeProjects\\tacommodity\\node_modules\\@next\\swc-win32-arm64-msvc'
35 silly reify ]
36 verbose reify failed optional dependency G:\notai\VSCodeProjects\tacommodity\node_modules\@next\swc-linux-x64-musl
37 silly reify mark deleted [
37 silly reify   'G:\\notai\\VSCodeProjects\\tacommodity\\node_modules\\@next\\swc-linux-x64-musl'
37 silly reify ]
38 verbose reify failed optional dependency G:\notai\VSCodeProjects\tacommodity\node_modules\@next\swc-linux-x64-gnu
39 silly reify mark deleted [
39 silly reify   'G:\\notai\\VSCodeProjects\\tacommodity\\node_modules\\@next\\swc-linux-x64-gnu'
39 silly reify ]
40 verbose reify failed optional dependency G:\notai\VSCodeProjects\tacommodity\node_modules\@next\swc-linux-arm64-musl
41 silly reify mark deleted [
41 silly reify   'G:\\notai\\VSCodeProjects\\tacommodity\\node_modules\\@next\\swc-linux-arm64-musl'
41 silly reify ]
42 verbose reify failed optional dependency G:\notai\VSCodeProjects\tacommodity\node_modules\@next\swc-linux-arm64-gnu
43 silly reify mark deleted [
43 silly reify   'G:\\notai\\VSCodeProjects\\tacommodity\\node_modules\\@next\\swc-linux-arm64-gnu'
43 silly reify ]
44 verbose reify failed optional dependency G:\notai\VSCodeProjects\tacommodity\node_modules\@next\swc-darwin-x64
45 silly reify mark deleted [
45 silly reify   'G:\\notai\\VSCodeProjects\\tacommodity\\node_modules\\@next\\swc-darwin-x64'
45 silly reify ]
46 verbose reify failed optional dependency G:\notai\VSCodeProjects\tacommodity\node_modules\@next\swc-darwin-arm64
47 silly reify mark deleted [
47 silly reify   'G:\\notai\\VSCodeProjects\\tacommodity\\node_modules\\@next\\swc-darwin-arm64'
47 silly reify ]
48 verbose reify failed optional dependency G:\notai\VSCodeProjects\tacommodity\node_modules\@img\sharp-win32-ia32
49 silly reify mark deleted [
49 silly reify   'G:\\notai\\VSCodeProjects\\tacommodity\\node_modules\\@img\\sharp-win32-ia32'
49 silly reify ]
50 verbose reify failed optional dependency G:\notai\VSCodeProjects\tacommodity\node_modules\@img\sharp-wasm32
51 silly reify mark deleted [
51 silly reify   'G:\\notai\\VSCodeProjects\\tacommodity\\node_modules\\@img\\sharp-wasm32'
51 silly reify ]
52 verbose reify failed optional dependency G:\notai\VSCodeProjects\tacommodity\node_modules\@emnapi\runtime
53 silly reify mark deleted [
53 silly reify   'G:\\notai\\VSCodeProjects\\tacommodity\\node_modules\\@emnapi\\runtime'
53 silly reify ]
54 verbose reify failed optional dependency G:\notai\VSCodeProjects\tacommodity\node_modules\@img\sharp-linuxmusl-x64
55 silly reify mark deleted [
55 silly reify   'G:\\notai\\VSCodeProjects\\tacommodity\\node_modules\\@img\\sharp-linuxmusl-x64'
55 silly reify ]
56 verbose reify failed optional dependency G:\notai\VSCodeProjects\tacommodity\node_modules\@img\sharp-linuxmusl-arm64
57 silly reify mark deleted [
57 silly reify   'G:\\notai\\VSCodeProjects\\tacommodity\\node_modules\\@img\\sharp-linuxmusl-arm64'
57 silly reify ]
58 verbose reify failed optional dependency G:\notai\VSCodeProjects\tacommodity\node_modules\@img\sharp-linux-x64
59 silly reify mark deleted [
59 silly reify   'G:\\notai\\VSCodeProjects\\tacommodity\\node_modules\\@img\\sharp-linux-x64'
59 silly reify ]
60 verbose reify failed optional dependency G:\notai\VSCodeProjects\tacommodity\node_modules\@img\sharp-linux-s390x
61 silly reify mark deleted [
61 silly reify   'G:\\notai\\VSCodeProjects\\tacommodity\\node_modules\\@img\\sharp-linux-s390x'
61 silly reify ]
62 verbose reify failed optional dependency G:\notai\VSCodeProjects\tacommodity\node_modules\@img\sharp-linux-arm64
63 silly reify mark deleted [
63 silly reify   'G:\\notai\\VSCodeProjects\\tacommodity\\node_modules\\@img\\sharp-linux-arm64'
63 silly reify ]
64 verbose reify failed optional dependency G:\notai\VSCodeProjects\tacommodity\node_modules\@img\sharp-linux-arm
65 silly reify mark deleted [
65 silly reify   'G:\\notai\\VSCodeProjects\\tacommodity\\node_modules\\@img\\sharp-linux-arm'
65 silly reify ]
66 verbose reify failed optional dependency G:\notai\VSCodeProjects\tacommodity\node_modules\@img\sharp-libvips-linuxmusl-x64
67 silly reify mark deleted [
67 silly reify   'G:\\notai\\VSCodeProjects\\tacommodity\\node_modules\\@img\\sharp-libvips-linuxmusl-x64'
67 silly reify ]
68 verbose reify failed optional dependency G:\notai\VSCodeProjects\tacommodity\node_modules\@img\sharp-libvips-linuxmusl-arm64
69 silly reify mark deleted [
69 silly reify   'G:\\notai\\VSCodeProjects\\tacommodity\\node_modules\\@img\\sharp-libvips-linuxmusl-arm64'
69 silly reify ]
70 verbose reify failed optional dependency G:\notai\VSCodeProjects\tacommodity\node_modules\@img\sharp-libvips-linux-x64
71 silly reify mark deleted [
71 silly reify   'G:\\notai\\VSCodeProjects\\tacommodity\\node_modules\\@img\\sharp-libvips-linux-x64'
71 silly reify ]
72 verbose reify failed optional dependency G:\notai\VSCodeProjects\tacommodity\node_modules\@img\sharp-libvips-linux-s390x
73 silly reify mark deleted [
73 silly reify   'G:\\notai\\VSCodeProjects\\tacommodity\\node_modules\\@img\\sharp-libvips-linux-s390x'
73 silly reify ]
74 verbose reify failed optional dependency G:\notai\VSCodeProjects\tacommodity\node_modules\@img\sharp-libvips-linux-arm64
75 silly reify mark deleted [
75 silly reify   'G:\\notai\\VSCodeProjects\\tacommodity\\node_modules\\@img\\sharp-libvips-linux-arm64'
75 silly reify ]
76 verbose reify failed optional dependency G:\notai\VSCodeProjects\tacommodity\node_modules\@img\sharp-libvips-linux-arm
77 silly reify mark deleted [
77 silly reify   'G:\\notai\\VSCodeProjects\\tacommodity\\node_modules\\@img\\sharp-libvips-linux-arm'
77 silly reify ]
78 verbose reify failed optional dependency G:\notai\VSCodeProjects\tacommodity\node_modules\@img\sharp-libvips-darwin-x64
79 silly reify mark deleted [
79 silly reify   'G:\\notai\\VSCodeProjects\\tacommodity\\node_modules\\@img\\sharp-libvips-darwin-x64'
79 silly reify ]
80 verbose reify failed optional dependency G:\notai\VSCodeProjects\tacommodity\node_modules\@img\sharp-libvips-darwin-arm64
81 silly reify mark deleted [
81 silly reify   'G:\\notai\\VSCodeProjects\\tacommodity\\node_modules\\@img\\sharp-libvips-darwin-arm64'
81 silly reify ]
82 verbose reify failed optional dependency G:\notai\VSCodeProjects\tacommodity\node_modules\@img\sharp-darwin-x64
83 silly reify mark deleted [
83 silly reify   'G:\\notai\\VSCodeProjects\\tacommodity\\node_modules\\@img\\sharp-darwin-x64'
83 silly reify ]
84 verbose reify failed optional dependency G:\notai\VSCodeProjects\tacommodity\node_modules\@img\sharp-darwin-arm64
85 silly reify mark deleted [
85 silly reify   'G:\\notai\\VSCodeProjects\\tacommodity\\node_modules\\@img\\sharp-darwin-arm64'
85 silly reify ]
86 http cache fslightbox-react@https://registry.npmjs.org/fslightbox-react/-/fslightbox-react-1.8.0.tgz 0ms (cache hit)
87 http cache @emnapi/runtime@https://registry.npmjs.org/@emnapi/runtime/-/runtime-1.3.1.tgz 0ms (cache hit)
88 silly tarball no local data for fslightbox-react@https://registry.npmjs.org/fslightbox-react/-/fslightbox-react-1.8.0.tgz. Extracting by manifest.
89 http fetch POST 200 https://registry.npmjs.org/-/npm/v1/security/advisories/bulk 510ms
90 silly audit report {
90 silly audit report   '@babel/runtime': [
90 silly audit report     {
90 silly audit report       id: 1103025,
90 silly audit report       url: 'https://github.com/advisories/GHSA-968p-4wvh-cqc8',
90 silly audit report       title: 'Babel has inefficient RexExp complexity in generated code with .replace when transpiling named capturing groups',
90 silly audit report       severity: 'moderate',
90 silly audit report       vulnerable_versions: '<7.26.10',
90 silly audit report       cwe: [Array],
90 silly audit report       cvss: [Object]
90 silly audit report     }
90 silly audit report   ],
90 silly audit report   next: [
90 silly audit report     {
90 silly audit report       id: 1103621,
90 silly audit report       url: 'https://github.com/advisories/GHSA-f82v-jwr5-mffw',
90 silly audit report       title: 'Authorization Bypass in Next.js Middleware',
90 silly audit report       severity: 'critical',
90 silly audit report       vulnerable_versions: '>=15.0.0 <15.2.3',
90 silly audit report       cwe: [Array],
90 silly audit report       cvss: [Object]
90 silly audit report     }
90 silly audit report   ]
90 silly audit report }
91 silly packumentCache corgi:https://registry.npmjs.org/@babel%2fruntime cache-miss
92 silly packumentCache corgi:https://registry.npmjs.org/next cache-miss
93 http fetch GET 200 https://registry.npmjs.org/@babel%2fruntime 275ms (cache updated)
94 silly packumentCache corgi:https://registry.npmjs.org/@babel%2fruntime set size:undefined disposed:false
95 http fetch GET 200 https://registry.npmjs.org/fslightbox-react/-/fslightbox-react-1.8.0.tgz 996ms (cache miss)
96 http fetch GET 200 https://registry.npmjs.org/next 2418ms (cache updated)
97 silly packumentCache corgi:https://registry.npmjs.org/next set size:undefined disposed:false
98 silly packumentCache corgi:https://registry.npmjs.org/history cache-miss
99 http fetch GET 200 https://registry.npmjs.org/history 316ms (cache updated)
100 silly packumentCache corgi:https://registry.npmjs.org/history set size:undefined disposed:false
101 silly ADD node_modules/fslightbox-react
102 silly ADD
103 silly ADD
104 silly ADD
105 silly ADD
106 silly ADD
107 silly ADD
108 silly ADD
109 silly ADD
110 silly ADD
111 silly ADD
112 silly ADD
113 silly ADD
114 silly ADD
115 silly ADD
116 silly ADD
117 silly ADD
118 silly ADD
119 silly ADD
120 silly ADD
121 silly ADD
122 silly ADD
123 silly ADD
124 silly ADD
125 silly ADD
126 silly ADD
127 silly ADD
128 verbose cwd G:\notai\VSCodeProjects\tacommodity
129 verbose os Windows_NT 10.0.22631
130 verbose node v22.14.0
131 verbose npm  v11.1.0
132 verbose exit 0
133 info ok
