0 verbose cli C:\Program Files\nodejs\node.exe C:\Users\notai\AppData\Roaming\npm\node_modules\npm\bin\npm-cli.js
1 info using npm@11.1.0
2 info using node@v22.14.0
3 silly config load:file:C:\Users\notai\AppData\Roaming\npm\node_modules\npm\npmrc
4 silly config load:file:G:\notai\VSCodeProjects\tacommodity\.npmrc
5 silly config load:file:C:\Users\notai\.npmrc
6 silly config load:file:C:\Users\notai\AppData\Roaming\npm\etc\npmrc
7 verbose title npm install react-icons
8 verbose argv "install" "react-icons"
9 verbose logfile logs-max:10 dir:G:\notai\VSCodeProjects\tacommodity\notai\packages\npm\_logs\2025-07-30T09_17_22_018Z-
10 verbose logfile G:\notai\VSCodeProjects\tacommodity\notai\packages\npm\_logs\2025-07-30T09_17_22_018Z-debug-0.log
11 silly logfile start cleaning logs, removing 1 files
12 silly packumentCache heap:4345298944 maxSize:1086324736 maxEntrySize:543162368
13 silly logfile done cleaning log files
14 silly idealTree buildDeps
15 silly fetch manifest react-icons@*
16 silly packumentCache full:https://registry.npmjs.org/react-icons cache-miss
17 http fetch GET 200 https://registry.npmjs.org/react-icons 1180ms (cache miss)
18 silly packumentCache full:https://registry.npmjs.org/react-icons set size:undefined disposed:false
19 silly fetch manifest react@^19.0.0
20 silly packumentCache full:https://registry.npmjs.org/react cache-miss
21 http fetch GET 200 https://registry.npmjs.org/react 1562ms (cache updated)
22 silly packumentCache full:https://registry.npmjs.org/react set size:undefined disposed:false
23 silly placeDep ROOT react-icons@5.5.0 OK for: tacommodity@0.1.0 want: *
24 silly reify moves {}
25 silly audit bulk request {
25 silly audit   '@alloc/quick-lru': [ '5.2.0' ],
25 silly audit   '@aws-crypto/crc32': [ '5.2.0' ],
25 silly audit   '@aws-crypto/crc32c': [ '5.2.0' ],
25 silly audit   '@aws-crypto/sha1-browser': [ '5.2.0' ],
25 silly audit   '@smithy/is-array-buffer': [ '2.2.0', '4.0.0' ],
25 silly audit   '@smithy/util-buffer-from': [ '2.2.0', '4.0.0' ],
25 silly audit   '@smithy/util-utf8': [ '2.3.0', '4.0.0' ],
25 silly audit   '@aws-crypto/sha256-browser': [ '5.2.0' ],
25 silly audit   '@aws-crypto/sha256-js': [ '5.2.0' ],
25 silly audit   '@aws-crypto/supports-web-crypto': [ '5.2.0' ],
25 silly audit   '@aws-crypto/util': [ '5.2.0' ],
25 silly audit   '@aws-sdk/client-s3': [ '3.750.0' ],
25 silly audit   '@aws-sdk/client-sso': [ '3.750.0' ],
25 silly audit   '@aws-sdk/core': [ '3.750.0' ],
25 silly audit   '@aws-sdk/credential-provider-env': [ '3.750.0' ],
25 silly audit   '@aws-sdk/credential-provider-http': [ '3.750.0' ],
25 silly audit   '@aws-sdk/credential-provider-ini': [ '3.750.0' ],
25 silly audit   '@aws-sdk/credential-provider-node': [ '3.750.0' ],
25 silly audit   '@aws-sdk/credential-provider-process': [ '3.750.0' ],
25 silly audit   '@aws-sdk/credential-provider-sso': [ '3.750.0' ],
25 silly audit   '@aws-sdk/credential-provider-web-identity': [ '3.750.0' ],
25 silly audit   '@aws-sdk/middleware-bucket-endpoint': [ '3.734.0' ],
25 silly audit   '@aws-sdk/middleware-expect-continue': [ '3.734.0' ],
25 silly audit   '@aws-sdk/middleware-flexible-checksums': [ '3.750.0' ],
25 silly audit   '@aws-sdk/middleware-host-header': [ '3.734.0' ],
25 silly audit   '@aws-sdk/middleware-location-constraint': [ '3.734.0' ],
25 silly audit   '@aws-sdk/middleware-logger': [ '3.734.0' ],
25 silly audit   '@aws-sdk/middleware-recursion-detection': [ '3.734.0' ],
25 silly audit   '@aws-sdk/middleware-sdk-s3': [ '3.750.0' ],
25 silly audit   '@aws-sdk/middleware-ssec': [ '3.734.0' ],
25 silly audit   '@aws-sdk/middleware-user-agent': [ '3.750.0' ],
25 silly audit   '@aws-sdk/nested-clients': [ '3.750.0' ],
25 silly audit   '@aws-sdk/region-config-resolver': [ '3.734.0' ],
25 silly audit   '@aws-sdk/signature-v4-multi-region': [ '3.750.0' ],
25 silly audit   '@aws-sdk/token-providers': [ '3.750.0' ],
25 silly audit   '@aws-sdk/types': [ '3.734.0' ],
25 silly audit   '@aws-sdk/util-arn-parser': [ '3.723.0' ],
25 silly audit   '@aws-sdk/util-endpoints': [ '3.743.0' ],
25 silly audit   '@aws-sdk/util-locate-window': [ '3.723.0' ],
25 silly audit   '@aws-sdk/util-user-agent-browser': [ '3.734.0' ],
25 silly audit   '@aws-sdk/util-user-agent-node': [ '3.750.0' ],
25 silly audit   '@aws-sdk/xml-builder': [ '3.734.0' ],
25 silly audit   '@babel/runtime': [ '7.26.9' ],
25 silly audit   '@emnapi/runtime': [ '1.3.1' ],
25 silly audit   '@eslint-community/eslint-utils': [ '4.4.1' ],
25 silly audit   'eslint-visitor-keys': [ '3.4.3', '4.2.0' ],
25 silly audit   '@eslint-community/regexpp': [ '4.12.1' ],
25 silly audit   '@eslint/config-array': [ '0.19.2' ],
25 silly audit   '@eslint/core': [ '0.11.0', '0.10.0' ],
25 silly audit   '@eslint/eslintrc': [ '3.2.0' ],
25 silly audit   '@eslint/js': [ '9.20.0' ],
25 silly audit   '@eslint/object-schema': [ '2.1.6' ],
25 silly audit   '@eslint/plugin-kit': [ '0.2.5' ],
25 silly audit   '@floating-ui/core': [ '1.7.2' ],
25 silly audit   '@floating-ui/dom': [ '1.7.2' ],
25 silly audit   '@floating-ui/react': [ '0.26.28' ],
25 silly audit   '@floating-ui/react-dom': [ '2.1.4' ],
25 silly audit   '@floating-ui/utils': [ '0.2.10' ],
25 silly audit   '@headlessui/react': [ '2.2.4' ],
25 silly audit   '@humanfs/core': [ '0.19.1' ],
25 silly audit   '@humanfs/node': [ '0.16.6' ],
25 silly audit   '@humanwhocodes/retry': [ '0.3.1', '0.4.1' ],
25 silly audit   '@humanwhocodes/module-importer': [ '1.0.1' ],
25 silly audit   '@img/sharp-darwin-arm64': [ '0.33.5' ],
25 silly audit   '@img/sharp-darwin-x64': [ '0.33.5' ],
25 silly audit   '@img/sharp-libvips-darwin-arm64': [ '1.0.4' ],
25 silly audit   '@img/sharp-libvips-darwin-x64': [ '1.0.4' ],
25 silly audit   '@img/sharp-libvips-linux-arm': [ '1.0.5' ],
25 silly audit   '@img/sharp-libvips-linux-arm64': [ '1.0.4' ],
25 silly audit   '@img/sharp-libvips-linux-s390x': [ '1.0.4' ],
25 silly audit   '@img/sharp-libvips-linux-x64': [ '1.0.4' ],
25 silly audit   '@img/sharp-libvips-linuxmusl-arm64': [ '1.0.4' ],
25 silly audit   '@img/sharp-libvips-linuxmusl-x64': [ '1.0.4' ],
25 silly audit   '@img/sharp-linux-arm': [ '0.33.5' ],
25 silly audit   '@img/sharp-linux-arm64': [ '0.33.5' ],
25 silly audit   '@img/sharp-linux-s390x': [ '0.33.5' ],
25 silly audit   '@img/sharp-linux-x64': [ '0.33.5' ],
25 silly audit   '@img/sharp-linuxmusl-arm64': [ '0.33.5' ],
25 silly audit   '@img/sharp-linuxmusl-x64': [ '0.33.5' ],
25 silly audit   '@img/sharp-wasm32': [ '0.33.5' ],
25 silly audit   '@img/sharp-win32-ia32': [ '0.33.5' ],
25 silly audit   '@img/sharp-win32-x64': [ '0.33.5' ],
25 silly audit   '@isaacs/cliui': [ '8.0.2' ],
25 silly audit   '@jridgewell/gen-mapping': [ '0.3.12' ],
25 silly audit   '@jridgewell/resolve-uri': [ '3.1.2' ],
25 silly audit   '@jridgewell/sourcemap-codec': [ '1.5.4' ],
25 silly audit   '@jridgewell/trace-mapping': [ '0.3.29' ],
25 silly audit   '@next/env': [ '15.1.7' ],
25 silly audit   '@next/eslint-plugin-next': [ '15.1.7' ],
25 silly audit   '@next/swc-darwin-arm64': [ '15.1.7' ],
25 silly audit   '@next/swc-darwin-x64': [ '15.1.7' ],
25 silly audit   '@next/swc-linux-arm64-gnu': [ '15.1.7' ],
25 silly audit   '@next/swc-linux-arm64-musl': [ '15.1.7' ],
25 silly audit   '@next/swc-linux-x64-gnu': [ '15.1.7' ],
25 silly audit   '@next/swc-linux-x64-musl': [ '15.1.7' ],
25 silly audit   '@next/swc-win32-arm64-msvc': [ '15.1.7' ],
25 silly audit   '@next/swc-win32-x64-msvc': [ '15.1.7' ],
25 silly audit   '@nodelib/fs.scandir': [ '2.1.5' ],
25 silly audit   '@nodelib/fs.stat': [ '2.0.5' ],
25 silly audit   '@nodelib/fs.walk': [ '1.2.8' ],
25 silly audit   '@nolyfill/is-core-module': [ '1.0.39' ],
25 silly audit   '@pkgjs/parseargs': [ '0.11.0' ],
25 silly audit   '@popperjs/core': [ '2.11.8' ],
25 silly audit   '@react-aria/focus': [ '3.20.5' ],
25 silly audit   '@react-aria/interactions': [ '3.25.3' ],
25 silly audit   '@react-aria/ssr': [ '3.9.9' ],
25 silly audit   '@react-aria/utils': [ '3.29.1' ],
25 silly audit   '@react-stately/flags': [ '3.1.2' ],
25 silly audit   '@react-stately/utils': [ '3.10.7' ],
25 silly audit   '@react-types/shared': [ '3.30.0' ],
25 silly audit   '@rtsao/scc': [ '1.1.0' ],
25 silly audit   '@rushstack/eslint-patch': [ '1.10.5' ],
25 silly audit   '@smithy/abort-controller': [ '4.0.1' ],
25 silly audit   '@smithy/chunked-blob-reader': [ '5.0.0' ],
25 silly audit   '@smithy/chunked-blob-reader-native': [ '4.0.0' ],
25 silly audit   '@smithy/config-resolver': [ '4.0.1' ],
25 silly audit   '@smithy/core': [ '3.1.5' ],
25 silly audit   '@smithy/credential-provider-imds': [ '4.0.1' ],
25 silly audit   '@smithy/eventstream-codec': [ '4.0.1' ],
25 silly audit   '@smithy/eventstream-serde-browser': [ '4.0.1' ],
25 silly audit   '@smithy/eventstream-serde-config-resolver': [ '4.0.1' ],
25 silly audit   '@smithy/eventstream-serde-node': [ '4.0.1' ],
25 silly audit   '@smithy/eventstream-serde-universal': [ '4.0.1' ],
25 silly audit   '@smithy/fetch-http-handler': [ '5.0.1' ],
25 silly audit   '@smithy/hash-blob-browser': [ '4.0.1' ],
25 silly audit   '@smithy/hash-node': [ '4.0.1' ],
25 silly audit   '@smithy/hash-stream-node': [ '4.0.1' ],
25 silly audit   '@smithy/invalid-dependency': [ '4.0.1' ],
25 silly audit   '@smithy/md5-js': [ '4.0.1' ],
25 silly audit   '@smithy/middleware-content-length': [ '4.0.1' ],
25 silly audit   '@smithy/middleware-endpoint': [ '4.0.6' ],
25 silly audit   '@smithy/middleware-retry': [ '4.0.7' ],
25 silly audit   '@smithy/middleware-serde': [ '4.0.2' ],
25 silly audit   '@smithy/middleware-stack': [ '4.0.1' ],
25 silly audit   '@smithy/node-config-provider': [ '4.0.1' ],
25 silly audit   '@smithy/node-http-handler': [ '4.0.3' ],
25 silly audit   '@smithy/property-provider': [ '4.0.1' ],
25 silly audit   '@smithy/protocol-http': [ '5.0.1' ],
25 silly audit   '@smithy/querystring-builder': [ '4.0.1' ],
25 silly audit   '@smithy/querystring-parser': [ '4.0.1' ],
25 silly audit   '@smithy/service-error-classification': [ '4.0.1' ],
25 silly audit   '@smithy/shared-ini-file-loader': [ '4.0.1' ],
25 silly audit   '@smithy/signature-v4': [ '5.0.1' ],
25 silly audit   '@smithy/smithy-client': [ '4.1.6' ],
25 silly audit   '@smithy/types': [ '4.1.0' ],
25 silly audit   '@smithy/url-parser': [ '4.0.1' ],
25 silly audit   '@smithy/util-base64': [ '4.0.0' ],
25 silly audit   '@smithy/util-body-length-browser': [ '4.0.0' ],
25 silly audit   '@smithy/util-body-length-node': [ '4.0.0' ],
25 silly audit   '@smithy/util-config-provider': [ '4.0.0' ],
25 silly audit   '@smithy/util-defaults-mode-browser': [ '4.0.7' ],
25 silly audit   '@smithy/util-defaults-mode-node': [ '4.0.7' ],
25 silly audit   '@smithy/util-endpoints': [ '3.0.1' ],
25 silly audit   '@smithy/util-hex-encoding': [ '4.0.0' ],
25 silly audit   '@smithy/util-middleware': [ '4.0.1' ],
25 silly audit   '@smithy/util-retry': [ '4.0.1' ],
25 silly audit   '@smithy/util-stream': [ '4.1.2' ],
25 silly audit   '@smithy/util-uri-escape': [ '4.0.0' ],
25 silly audit   '@smithy/util-waiter': [ '4.0.2' ],
25 silly audit   '@srexi/purecounterjs': [ '1.5.0' ],
25 silly audit   '@swc/counter': [ '0.1.3' ],
25 silly audit   '@swc/helpers': [ '0.5.15' ],
25 silly audit   '@tailwindcss/forms': [ '0.5.10' ],
25 silly audit   '@tanstack/react-virtual': [ '3.13.12' ],
25 silly audit   '@tanstack/virtual-core': [ '3.13.12' ],
25 silly audit   '@types/aos': [ '3.0.7' ],
25 silly audit   '@types/estree': [ '1.0.6' ],
25 silly audit   '@types/json-schema': [ '7.0.15' ],
25 silly audit   '@types/json5': [ '0.0.29' ],
25 silly audit   '@types/node': [ '22.13.5' ],
25 silly audit   '@types/react': [ '19.0.10' ],
25 silly audit   '@typescript-eslint/eslint-plugin': [ '8.24.0' ],
25 silly audit   '@typescript-eslint/parser': [ '8.24.0' ],
25 silly audit   '@typescript-eslint/scope-manager': [ '8.24.0' ],
25 silly audit   '@typescript-eslint/type-utils': [ '8.24.0' ],
25 silly audit   '@typescript-eslint/types': [ '8.24.0' ],
25 silly audit   '@typescript-eslint/typescript-estree': [ '8.24.0' ],
25 silly audit   'brace-expansion': [ '2.0.1', '1.1.11', '2.0.2' ],
25 silly audit   'fast-glob': [ '3.3.3', '3.3.1' ],
25 silly audit   'glob-parent': [ '5.1.2', '6.0.2' ],
25 silly audit   minimatch: [ '9.0.5', '3.1.2' ],
25 silly audit   '@typescript-eslint/utils': [ '8.24.0' ],
25 silly audit   '@typescript-eslint/visitor-keys': [ '8.24.0' ],
25 silly audit   '@webcomponents/webcomponentsjs': [ '2.8.0' ],
25 silly audit   acorn: [ '8.14.0' ],
25 silly audit   'acorn-jsx': [ '5.3.2' ],
25 silly audit   ajv: [ '6.12.6' ],
25 silly audit   'ansi-regex': [ '6.1.0', '5.0.1' ],
25 silly audit   'ansi-styles': [ '4.3.0', '6.2.1' ],
25 silly audit   'any-promise': [ '1.3.0' ],
25 silly audit   anymatch: [ '3.1.3' ],
25 silly audit   aos: [ '3.0.0-beta.6' ],
25 silly audit   arg: [ '5.0.2' ],
25 silly audit   argparse: [ '2.0.1' ],
25 silly audit   'aria-query': [ '5.3.2' ],
25 silly audit   'array-buffer-byte-length': [ '1.0.2' ],
25 silly audit   'array-includes': [ '3.1.8' ],
25 silly audit   'array.prototype.findlast': [ '1.2.5' ],
25 silly audit   'array.prototype.findlastindex': [ '1.2.5' ],
25 silly audit   'array.prototype.flat': [ '1.3.3' ],
25 silly audit   'array.prototype.flatmap': [ '1.3.3' ],
25 silly audit   'array.prototype.tosorted': [ '1.1.4' ],
25 silly audit   'arraybuffer.prototype.slice': [ '1.0.4' ],
25 silly audit   'ast-types-flow': [ '0.0.8' ],
25 silly audit   'async-function': [ '1.0.0' ],
25 silly audit   autoprefixer: [ '10.4.21' ],
25 silly audit   'available-typed-arrays': [ '1.0.7' ],
25 silly audit   'aws-sdk': [ '2.1692.0' ],
25 silly audit   uuid: [ '8.0.0', '9.0.1' ],
25 silly audit   'axe-core': [ '4.10.2' ],
25 silly audit   'axobject-query': [ '4.1.0' ],
25 silly audit   'balanced-match': [ '1.0.2' ],
25 silly audit   'base64-js': [ '1.5.1' ],
25 silly audit   'binary-extensions': [ '2.3.0' ],
25 silly audit   bootstrap: [ '5.3.3' ],
25 silly audit   'bootstrap-icons': [ '1.11.3' ],
25 silly audit   bowser: [ '2.11.0' ],
25 silly audit   boxicons: [ '2.1.4' ],
25 silly audit   react: [ '16.14.0', '19.0.0' ],
25 silly audit   'react-dom': [ '16.14.0', '19.0.0' ],
25 silly audit   scheduler: [ '0.19.1', '0.25.0' ],
25 silly audit   braces: [ '3.0.3' ],
25 silly audit   browserslist: [ '4.25.1' ],
25 silly audit   buffer: [ '4.9.2' ],
25 silly audit   isarray: [ '1.0.0', '2.0.5', '0.0.1' ],
25 silly audit   busboy: [ '1.6.0' ],
25 silly audit   'call-bind': [ '1.0.8' ],
25 silly audit   'call-bind-apply-helpers': [ '1.0.2' ],
25 silly audit   'call-bound': [ '1.0.3' ],
25 silly audit   callsites: [ '3.1.0' ],
25 silly audit   'camelcase-css': [ '2.0.1' ],
25 silly audit   'caniuse-lite': [ '1.0.30001727' ],
25 silly audit   chalk: [ '4.1.2' ],
25 silly audit   chokidar: [ '3.6.0' ],
25 silly audit   'classlist-polyfill': [ '1.2.0' ],
25 silly audit   'client-only': [ '0.0.1' ],
25 silly audit   clsx: [ '2.1.1' ],
25 silly audit   color: [ '4.2.3' ],
25 silly audit   'color-convert': [ '2.0.1' ],
25 silly audit   'color-name': [ '1.1.4' ],
25 silly audit   'color-string': [ '1.9.1' ],
25 silly audit   commander: [ '4.1.1' ],
25 silly audit   'concat-map': [ '0.0.1' ],
25 silly audit   'countup.js': [ '2.8.0' ],
25 silly audit   'cross-spawn': [ '7.0.6' ],
25 silly audit   cssesc: [ '3.0.0' ],
25 silly audit   csstype: [ '3.1.3' ],
25 silly audit   'damerau-levenshtein': [ '1.0.8' ],
25 silly audit   'data-view-buffer': [ '1.0.2' ],
25 silly audit   'data-view-byte-length': [ '1.0.2' ],
25 silly audit   'data-view-byte-offset': [ '1.0.1' ],
25 silly audit   debug: [ '4.4.0', '3.2.7' ],
25 silly audit   'deep-is': [ '0.1.4' ],
25 silly audit   'define-data-property': [ '1.1.4' ],
25 silly audit   'define-properties': [ '1.2.1' ],
25 silly audit   'desandro-matches-selector': [ '2.0.2' ],
25 silly audit   'detect-hover': [ '1.0.3' ],
25 silly audit   'detect-it': [ '3.0.7' ],
25 silly audit   'detect-libc': [ '2.0.3' ],
25 silly audit   'detect-passive-events': [ '1.0.5' ],
25 silly audit   'detect-pointer': [ '1.0.3' ],
25 silly audit   'detect-touch-events': [ '2.0.2' ],
25 silly audit   didyoumean: [ '1.2.2' ],
25 silly audit   dlv: [ '1.1.3' ],
25 silly audit   doctrine: [ '2.1.0' ],
25 silly audit   'dunder-proto': [ '1.0.1' ],
25 silly audit   eastasianwidth: [ '0.2.0' ],
25 silly audit   'electron-to-chromium': [ '1.5.187' ],
25 silly audit   'emoji-regex': [ '9.2.2', '8.0.0' ],
25 silly audit   'enhanced-resolve': [ '5.18.1' ],
25 silly audit   'es-abstract': [ '1.23.9' ],
25 silly audit   'es-define-property': [ '1.0.1' ],
25 silly audit   'es-errors': [ '1.3.0' ],
25 silly audit   'es-iterator-helpers': [ '1.2.1' ],
25 silly audit   'es-object-atoms': [ '1.1.1' ],
25 silly audit   'es-set-tostringtag': [ '2.1.0' ],
25 silly audit   'es-shim-unscopables': [ '1.1.0' ],
25 silly audit   'es-to-primitive': [ '1.3.0' ],
25 silly audit   escalade: [ '3.2.0' ],
25 silly audit   'escape-string-regexp': [ '4.0.0' ],
25 silly audit   eslint: [ '9.20.1' ],
25 silly audit   'eslint-config-next': [ '15.1.7' ],
25 silly audit   'eslint-import-resolver-node': [ '0.3.9' ],
25 silly audit   'eslint-import-resolver-typescript': [ '3.8.0' ],
25 silly audit   'eslint-module-utils': [ '2.12.0' ],
25 silly audit   'eslint-plugin-import': [ '2.31.0' ],
25 silly audit   semver: [ '6.3.1', '7.7.1' ],
25 silly audit   'eslint-plugin-jsx-a11y': [ '6.10.2' ],
25 silly audit   'eslint-plugin-react': [ '7.37.4' ],
25 silly audit   'eslint-plugin-react-hooks': [ '5.1.0' ],
25 silly audit   resolve: [ '2.0.0-next.5', '1.22.10' ],
25 silly audit   'eslint-scope': [ '8.2.0' ],
25 silly audit   espree: [ '10.3.0' ],
25 silly audit   esquery: [ '1.6.0' ],
25 silly audit   esrecurse: [ '4.3.0' ],
25 silly audit   estraverse: [ '5.3.0' ],
25 silly audit   esutils: [ '2.0.3' ],
25 silly audit   'ev-emitter': [ '1.1.1' ],
25 silly audit   events: [ '1.1.1' ],
25 silly audit   'fast-deep-equal': [ '3.1.3' ],
25 silly audit   'fast-json-stable-stringify': [ '2.1.0' ],
25 silly audit   'fast-levenshtein': [ '2.0.6' ],
25 silly audit   'fast-xml-parser': [ '4.4.1' ],
25 silly audit   fastq: [ '1.19.0' ],
25 silly audit   'file-entry-cache': [ '8.0.0' ],
25 silly audit   'fill-range': [ '7.1.1' ],
25 silly audit   'find-up': [ '5.0.0' ],
25 silly audit   'fizzy-ui-utils': [ '2.0.7' ],
25 silly audit   'flat-cache': [ '4.0.1' ],
25 silly audit   flatted: [ '3.3.2' ],
25 silly audit   'for-each': [ '0.3.5' ],
25 silly audit   'foreground-child': [ '3.3.1' ],
25 silly audit   'fraction.js': [ '4.3.7' ],
25 silly audit   fsevents: [ '2.3.3' ],
25 silly audit   'fslightbox-react': [ '1.8.0' ],
25 silly audit   'function-bind': [ '1.1.2' ],
25 silly audit   'function.prototype.name': [ '1.1.8' ],
25 silly audit   'functions-have-names': [ '1.2.3' ],
25 silly audit   'get-intrinsic': [ '1.2.7' ],
25 silly audit   'get-proto': [ '1.0.1' ],
25 silly audit   'get-size': [ '2.0.3' ],
25 silly audit   'get-symbol-description': [ '1.1.0' ],
25 silly audit   'get-tsconfig': [ '4.10.0' ],
25 silly audit   glob: [ '10.4.5' ],
25 silly audit   globals: [ '14.0.0' ],
25 silly audit   globalthis: [ '1.0.4' ],
25 silly audit   gopd: [ '1.2.0' ],
25 silly audit   'graceful-fs': [ '4.2.11' ],
25 silly audit   graphemer: [ '1.4.0' ],
25 silly audit   'has-bigints': [ '1.1.0' ],
25 silly audit   'has-flag': [ '4.0.0' ],
25 silly audit   'has-property-descriptors': [ '1.0.2' ],
25 silly audit   'has-proto': [ '1.2.0' ],
25 silly audit   'has-symbols': [ '1.1.0' ],
25 silly audit   'has-tostringtag': [ '1.0.2' ],
25 silly audit   hasown: [ '2.0.2' ],
25 silly audit   history: [ '4.10.1' ],
25 silly audit   'hoist-non-react-statics': [ '2.5.5' ],
25 silly audit   ieee754: [ '1.1.13' ],
25 silly audit   ignore: [ '5.3.2' ],
25 silly audit   'import-fresh': [ '3.3.1' ],
25 silly audit   imurmurhash: [ '0.1.4' ],
25 silly audit   inherits: [ '2.0.4' ],
25 silly audit   'internal-slot': [ '1.1.0' ],
25 silly audit   invariant: [ '2.2.4' ],
25 silly audit   'is-arguments': [ '1.2.0' ],
25 silly audit   'is-array-buffer': [ '3.0.5' ],
25 silly audit   'is-arrayish': [ '0.3.2' ],
25 silly audit   'is-async-function': [ '2.1.1' ],
25 silly audit   'is-bigint': [ '1.1.0' ],
25 silly audit   'is-binary-path': [ '2.1.0' ],
25 silly audit   'is-boolean-object': [ '1.2.2' ],
25 silly audit   'is-bun-module': [ '1.3.0' ],
25 silly audit   'is-callable': [ '1.2.7' ],
25 silly audit   'is-core-module': [ '2.16.1' ],
25 silly audit   'is-data-view': [ '1.0.2' ],
25 silly audit   'is-date-object': [ '1.1.0' ],
25 silly audit   'is-extglob': [ '2.1.1' ],
25 silly audit   'is-finalizationregistry': [ '1.1.1' ],
25 silly audit   'is-fullwidth-code-point': [ '3.0.0' ],
25 silly audit   'is-generator-function': [ '1.1.0' ],
25 silly audit   'is-glob': [ '4.0.3' ],
25 silly audit   'is-map': [ '2.0.3' ],
25 silly audit   'is-number': [ '7.0.0' ],
25 silly audit   'is-number-object': [ '1.1.1' ],
25 silly audit   'is-regex': [ '1.2.1' ],
25 silly audit   'is-set': [ '2.0.3' ],
25 silly audit   'is-shared-array-buffer': [ '1.0.4' ],
25 silly audit   'is-string': [ '1.1.1' ],
25 silly audit   'is-symbol': [ '1.1.1' ],
25 silly audit   'is-typed-array': [ '1.1.15' ],
25 silly audit   'is-weakmap': [ '2.0.2' ],
25 silly audit   'is-weakref': [ '1.1.1' ],
25 silly audit   'is-weakset': [ '2.0.4' ],
25 silly audit   isexe: [ '2.0.0' ],
25 silly audit   'isotope-layout': [ '3.0.6' ],
25 silly audit   'iterator.prototype': [ '1.1.5' ],
25 silly audit   jackspeak: [ '3.4.3' ],
25 silly audit   jiti: [ '1.21.7' ],
25 silly audit   jmespath: [ '0.16.0' ],
25 silly audit   jquery: [ '3.7.1' ],
25 silly audit   'js-tokens': [ '4.0.0' ],
25 silly audit   'js-yaml': [ '4.1.0' ],
25 silly audit   'json-buffer': [ '3.0.1' ],
25 silly audit   'json-schema-traverse': [ '0.4.1' ],
25 silly audit   'json-stable-stringify-without-jsonify': [ '1.0.1' ],
25 silly audit   json5: [ '1.0.2' ],
25 silly audit   'jsx-ast-utils': [ '3.3.5' ],
25 silly audit   keyv: [ '4.5.4' ],
25 silly audit   'language-subtag-registry': [ '0.3.23' ],
25 silly audit   'language-tags': [ '1.0.9' ],
25 silly audit   levn: [ '0.4.1' ],
25 silly audit   lilconfig: [ '3.1.3' ],
25 silly audit   'lines-and-columns': [ '1.2.4' ],
25 silly audit   'locate-path': [ '6.0.0' ],
25 silly audit   'lodash.debounce': [ '4.0.8' ],
25 silly audit   'lodash.merge': [ '4.6.2' ],
25 silly audit   'lodash.throttle': [ '4.1.1' ],
25 silly audit   'loose-envify': [ '1.4.0' ],
25 silly audit   'lru-cache': [ '10.4.3' ],
25 silly audit   'masonry-layout': [ '4.2.2' ],
25 silly audit   'math-intrinsics': [ '1.1.0' ],
25 silly audit   merge2: [ '1.4.1' ],
25 silly audit   micromatch: [ '4.0.8' ],
25 silly audit   'mini-svg-data-uri': [ '1.4.4' ],
25 silly audit   minimist: [ '1.2.8' ],
25 silly audit   minipass: [ '7.1.2' ],
25 silly audit   ms: [ '2.1.3' ],
25 silly audit   mz: [ '2.7.0' ],
25 silly audit   nanoid: [ '3.3.11' ],
25 silly audit   'natural-compare': [ '1.4.0' ],
25 silly audit   next: [ '15.1.7' ],
25 silly audit   postcss: [ '8.4.31', '8.5.6' ],
25 silly audit   'node-releases': [ '2.0.19' ],
25 silly audit   'normalize-path': [ '3.0.0' ],
25 silly audit   'normalize-range': [ '0.1.2' ],
25 silly audit   'object-assign': [ '4.1.1' ],
25 silly audit   'object-hash': [ '3.0.0' ],
25 silly audit   'object-inspect': [ '1.13.4' ],
25 silly audit   'object-keys': [ '1.1.1' ],
25 silly audit   'object.assign': [ '4.1.7' ],
25 silly audit   'object.entries': [ '1.1.8' ],
25 silly audit   'object.fromentries': [ '2.0.8' ],
25 silly audit   'object.groupby': [ '1.0.3' ],
25 silly audit   'object.values': [ '1.2.1' ],
25 silly audit   optionator: [ '0.9.4' ],
25 silly audit   outlayer: [ '2.1.1' ],
25 silly audit   'own-keys': [ '1.0.1' ],
25 silly audit   'p-limit': [ '3.1.0' ],
25 silly audit   'p-locate': [ '5.0.0' ],
25 silly audit   'package-json-from-dist': [ '1.0.1' ],
25 silly audit   'parent-module': [ '1.0.1' ],
25 silly audit   'path-exists': [ '4.0.0' ],
25 silly audit   'path-key': [ '3.1.1' ],
25 silly audit   'path-parse': [ '1.0.7' ],
25 silly audit   'path-scurry': [ '1.11.1' ],
25 silly audit   'path-to-regexp': [ '1.9.0' ],
25 silly audit   picocolors: [ '1.1.1' ],
25 silly audit   picomatch: [ '2.3.1', '4.0.2' ],
25 silly audit   pify: [ '2.3.0' ],
25 silly audit   pirates: [ '4.0.7' ],
25 silly audit   'possible-typed-array-names': [ '1.1.0' ],
25 silly audit   'postcss-import': [ '15.1.0' ],
25 silly audit   'postcss-js': [ '4.0.1' ],
25 silly audit   'postcss-nested': [ '6.2.0' ],
25 silly audit   'postcss-selector-parser': [ '6.1.2' ],
25 silly audit   'postcss-value-parser': [ '4.2.0' ],
25 silly audit   postgres: [ '3.4.5' ],
25 silly audit   'prelude-ls': [ '1.2.1' ],
25 silly audit   'prop-types': [ '15.8.1' ],
25 silly audit   punycode: [ '2.3.1', '1.3.2' ],
25 silly audit   querystring: [ '0.2.0' ],
25 silly audit   'queue-microtask': [ '1.2.3' ],
25 silly audit   'react-bootstrap-icons': [ '1.11.5' ],
25 silly audit   'react-countup': [ '6.5.3' ],
25 silly audit   'react-interactive': [ '0.8.3' ],
25 silly audit   'react-is': [ '16.13.1' ],
25 silly audit   'react-router': [ '4.3.1' ],
25 silly audit   'react-router-dom': [ '4.3.1' ],
25 silly audit   'read-cache': [ '1.0.0' ],
25 silly audit   readdirp: [ '3.6.0' ],
25 silly audit   'reflect.getprototypeof': [ '1.0.10' ],
25 silly audit   'regenerator-runtime': [ '0.14.1' ],
25 silly audit   'regexp.prototype.flags': [ '1.5.4' ],
25 silly audit   'resolve-from': [ '4.0.0' ],
25 silly audit   'resolve-pathname': [ '3.0.0' ],
25 silly audit   'resolve-pkg-maps': [ '1.0.0' ],
25 silly audit   reusify: [ '1.0.4' ],
25 silly audit   'run-parallel': [ '1.2.0' ],
25 silly audit   'safe-array-concat': [ '1.1.3' ],
25 silly audit   'safe-push-apply': [ '1.0.0' ],
25 silly audit   'safe-regex-test': [ '1.1.0' ],
25 silly audit   sax: [ '1.2.1' ],
25 silly audit   'set-function-length': [ '1.2.2' ],
25 silly audit   'set-function-name': [ '2.0.2' ],
25 silly audit   'set-proto': [ '1.0.0' ],
25 silly audit   sharp: [ '0.33.5' ],
25 silly audit   'shebang-command': [ '2.0.0' ],
25 silly audit   'shebang-regex': [ '3.0.0' ],
25 silly audit   'side-channel': [ '1.1.0' ],
25 silly audit   'side-channel-list': [ '1.0.0' ],
25 silly audit   'side-channel-map': [ '1.0.1' ],
25 silly audit   'side-channel-weakmap': [ '1.0.2' ],
25 silly audit   'signal-exit': [ '4.1.0' ],
25 silly audit   'simple-swizzle': [ '0.2.2' ],
25 silly audit   'source-map-js': [ '1.2.1' ],
25 silly audit   'stable-hash': [ '0.0.4' ],
25 silly audit   streamsearch: [ '1.1.0' ],
25 silly audit   'string-width': [ '5.1.2', '4.2.3' ],
25 silly audit   'strip-ansi': [ '6.0.1', '7.1.0' ],
25 silly audit   'string.prototype.includes': [ '2.0.1' ],
25 silly audit   'string.prototype.matchall': [ '4.0.12' ],
25 silly audit   'string.prototype.repeat': [ '1.0.0' ],
25 silly audit   'string.prototype.trim': [ '1.2.10' ],
25 silly audit   'string.prototype.trimend': [ '1.0.9' ],
25 silly audit   'string.prototype.trimstart': [ '1.0.8' ],
25 silly audit   'strip-bom': [ '3.0.0' ],
25 silly audit   'strip-json-comments': [ '3.1.1' ],
25 silly audit   strnum: [ '1.1.1' ],
25 silly audit   'styled-jsx': [ '5.1.6' ],
25 silly audit   sucrase: [ '3.35.0' ],
25 silly audit   'supports-color': [ '7.2.0' ],
25 silly audit   'supports-preserve-symlinks-flag': [ '1.0.0' ],
25 silly audit   swiper: [ '11.2.4' ],
25 silly audit   tabbable: [ '6.2.0' ],
25 silly audit   tailwindcss: [ '3.4.17' ],
25 silly audit   'postcss-load-config': [ '4.0.2' ],
25 silly audit   tapable: [ '2.2.1' ],
25 silly audit   thenify: [ '3.3.1' ],
25 silly audit   'thenify-all': [ '1.6.0' ],
25 silly audit   'tiny-invariant': [ '1.3.3' ],
25 silly audit   'tiny-warning': [ '1.0.3' ],
25 silly audit   tinyglobby: [ '0.2.10' ],
25 silly audit   fdir: [ '6.4.3' ],
25 silly audit   'to-regex-range': [ '5.0.1' ],
25 silly audit   'ts-api-utils': [ '2.0.1' ],
25 silly audit   'ts-interface-checker': [ '0.1.13' ],
25 silly audit   'tsconfig-paths': [ '3.15.0' ],
25 silly audit   tslib: [ '2.8.1' ],
25 silly audit   'type-check': [ '0.4.0' ],
25 silly audit   'typed-array-buffer': [ '1.0.3' ],
25 silly audit   'typed-array-byte-length': [ '1.0.3' ],
25 silly audit   'typed-array-byte-offset': [ '1.0.4' ],
25 silly audit   'typed-array-length': [ '1.0.7' ],
25 silly audit   typescript: [ '5.7.3' ],
25 silly audit   'unbox-primitive': [ '1.1.0' ],
25 silly audit   'undici-types': [ '6.20.0' ],
25 silly audit   'update-browserslist-db': [ '1.1.3' ],
25 silly audit   'uri-js': [ '4.4.1' ],
25 silly audit   url: [ '0.10.3' ],
25 silly audit   'use-sync-external-store': [ '1.5.0' ],
25 silly audit   util: [ '0.12.5' ],
25 silly audit   'util-deprecate': [ '1.0.2' ],
25 silly audit   'value-equal': [ '1.0.1' ],
25 silly audit   venobox: [ '2.1.8' ],
25 silly audit   warning: [ '4.0.3' ],
25 silly audit   which: [ '2.0.2' ],
25 silly audit   'which-boxed-primitive': [ '1.1.1' ],
25 silly audit   'which-builtin-type': [ '1.2.1' ],
25 silly audit   'which-collection': [ '1.0.2' ],
25 silly audit   'which-typed-array': [ '1.1.18' ],
25 silly audit   'word-wrap': [ '1.2.5' ],
25 silly audit   'wrap-ansi': [ '8.1.0', '7.0.0' ],
25 silly audit   xml2js: [ '0.6.2' ],
25 silly audit   xmlbuilder: [ '11.0.1' ],
25 silly audit   yaml: [ '2.8.0' ],
25 silly audit   'yet-another-react-lightbox': [ '3.22.0' ],
25 silly audit   'yocto-queue': [ '0.1.0' ],
25 silly audit   'react-icons': [ '5.5.0' ]
25 silly audit }
26 verbose reify failed optional dependency G:\notai\VSCodeProjects\tacommodity\node_modules\fsevents
27 silly reify mark deleted [ 'G:\\notai\\VSCodeProjects\\tacommodity\\node_modules\\fsevents' ]
28 verbose reify failed optional dependency G:\notai\VSCodeProjects\tacommodity\node_modules\@next\swc-win32-arm64-msvc
29 silly reify mark deleted [
29 silly reify   'G:\\notai\\VSCodeProjects\\tacommodity\\node_modules\\@next\\swc-win32-arm64-msvc'
29 silly reify ]
30 verbose reify failed optional dependency G:\notai\VSCodeProjects\tacommodity\node_modules\@next\swc-linux-x64-musl
31 silly reify mark deleted [
31 silly reify   'G:\\notai\\VSCodeProjects\\tacommodity\\node_modules\\@next\\swc-linux-x64-musl'
31 silly reify ]
32 verbose reify failed optional dependency G:\notai\VSCodeProjects\tacommodity\node_modules\@next\swc-linux-x64-gnu
33 silly reify mark deleted [
33 silly reify   'G:\\notai\\VSCodeProjects\\tacommodity\\node_modules\\@next\\swc-linux-x64-gnu'
33 silly reify ]
34 verbose reify failed optional dependency G:\notai\VSCodeProjects\tacommodity\node_modules\@next\swc-linux-arm64-musl
35 silly reify mark deleted [
35 silly reify   'G:\\notai\\VSCodeProjects\\tacommodity\\node_modules\\@next\\swc-linux-arm64-musl'
35 silly reify ]
36 verbose reify failed optional dependency G:\notai\VSCodeProjects\tacommodity\node_modules\@next\swc-linux-arm64-gnu
37 silly reify mark deleted [
37 silly reify   'G:\\notai\\VSCodeProjects\\tacommodity\\node_modules\\@next\\swc-linux-arm64-gnu'
37 silly reify ]
38 verbose reify failed optional dependency G:\notai\VSCodeProjects\tacommodity\node_modules\@next\swc-darwin-x64
39 silly reify mark deleted [
39 silly reify   'G:\\notai\\VSCodeProjects\\tacommodity\\node_modules\\@next\\swc-darwin-x64'
39 silly reify ]
40 verbose reify failed optional dependency G:\notai\VSCodeProjects\tacommodity\node_modules\@next\swc-darwin-arm64
41 silly reify mark deleted [
41 silly reify   'G:\\notai\\VSCodeProjects\\tacommodity\\node_modules\\@next\\swc-darwin-arm64'
41 silly reify ]
42 verbose reify failed optional dependency G:\notai\VSCodeProjects\tacommodity\node_modules\@img\sharp-win32-ia32
43 silly reify mark deleted [
43 silly reify   'G:\\notai\\VSCodeProjects\\tacommodity\\node_modules\\@img\\sharp-win32-ia32'
43 silly reify ]
44 verbose reify failed optional dependency G:\notai\VSCodeProjects\tacommodity\node_modules\@img\sharp-wasm32
45 silly reify mark deleted [
45 silly reify   'G:\\notai\\VSCodeProjects\\tacommodity\\node_modules\\@img\\sharp-wasm32'
45 silly reify ]
46 verbose reify failed optional dependency G:\notai\VSCodeProjects\tacommodity\node_modules\@emnapi\runtime
47 silly reify mark deleted [
47 silly reify   'G:\\notai\\VSCodeProjects\\tacommodity\\node_modules\\@emnapi\\runtime'
47 silly reify ]
48 verbose reify failed optional dependency G:\notai\VSCodeProjects\tacommodity\node_modules\@img\sharp-linuxmusl-x64
49 silly reify mark deleted [
49 silly reify   'G:\\notai\\VSCodeProjects\\tacommodity\\node_modules\\@img\\sharp-linuxmusl-x64'
49 silly reify ]
50 verbose reify failed optional dependency G:\notai\VSCodeProjects\tacommodity\node_modules\@img\sharp-linuxmusl-arm64
51 silly reify mark deleted [
51 silly reify   'G:\\notai\\VSCodeProjects\\tacommodity\\node_modules\\@img\\sharp-linuxmusl-arm64'
51 silly reify ]
52 verbose reify failed optional dependency G:\notai\VSCodeProjects\tacommodity\node_modules\@img\sharp-linux-x64
53 silly reify mark deleted [
53 silly reify   'G:\\notai\\VSCodeProjects\\tacommodity\\node_modules\\@img\\sharp-linux-x64'
53 silly reify ]
54 verbose reify failed optional dependency G:\notai\VSCodeProjects\tacommodity\node_modules\@img\sharp-linux-s390x
55 silly reify mark deleted [
55 silly reify   'G:\\notai\\VSCodeProjects\\tacommodity\\node_modules\\@img\\sharp-linux-s390x'
55 silly reify ]
56 verbose reify failed optional dependency G:\notai\VSCodeProjects\tacommodity\node_modules\@img\sharp-linux-arm64
57 silly reify mark deleted [
57 silly reify   'G:\\notai\\VSCodeProjects\\tacommodity\\node_modules\\@img\\sharp-linux-arm64'
57 silly reify ]
58 verbose reify failed optional dependency G:\notai\VSCodeProjects\tacommodity\node_modules\@img\sharp-linux-arm
59 silly reify mark deleted [
59 silly reify   'G:\\notai\\VSCodeProjects\\tacommodity\\node_modules\\@img\\sharp-linux-arm'
59 silly reify ]
60 verbose reify failed optional dependency G:\notai\VSCodeProjects\tacommodity\node_modules\@img\sharp-libvips-linuxmusl-x64
61 silly reify mark deleted [
61 silly reify   'G:\\notai\\VSCodeProjects\\tacommodity\\node_modules\\@img\\sharp-libvips-linuxmusl-x64'
61 silly reify ]
62 verbose reify failed optional dependency G:\notai\VSCodeProjects\tacommodity\node_modules\@img\sharp-libvips-linuxmusl-arm64
63 silly reify mark deleted [
63 silly reify   'G:\\notai\\VSCodeProjects\\tacommodity\\node_modules\\@img\\sharp-libvips-linuxmusl-arm64'
63 silly reify ]
64 verbose reify failed optional dependency G:\notai\VSCodeProjects\tacommodity\node_modules\@img\sharp-libvips-linux-x64
65 silly reify mark deleted [
65 silly reify   'G:\\notai\\VSCodeProjects\\tacommodity\\node_modules\\@img\\sharp-libvips-linux-x64'
65 silly reify ]
66 verbose reify failed optional dependency G:\notai\VSCodeProjects\tacommodity\node_modules\@img\sharp-libvips-linux-s390x
67 silly reify mark deleted [
67 silly reify   'G:\\notai\\VSCodeProjects\\tacommodity\\node_modules\\@img\\sharp-libvips-linux-s390x'
67 silly reify ]
68 verbose reify failed optional dependency G:\notai\VSCodeProjects\tacommodity\node_modules\@img\sharp-libvips-linux-arm64
69 silly reify mark deleted [
69 silly reify   'G:\\notai\\VSCodeProjects\\tacommodity\\node_modules\\@img\\sharp-libvips-linux-arm64'
69 silly reify ]
70 verbose reify failed optional dependency G:\notai\VSCodeProjects\tacommodity\node_modules\@img\sharp-libvips-linux-arm
71 silly reify mark deleted [
71 silly reify   'G:\\notai\\VSCodeProjects\\tacommodity\\node_modules\\@img\\sharp-libvips-linux-arm'
71 silly reify ]
72 verbose reify failed optional dependency G:\notai\VSCodeProjects\tacommodity\node_modules\@img\sharp-libvips-darwin-x64
73 silly reify mark deleted [
73 silly reify   'G:\\notai\\VSCodeProjects\\tacommodity\\node_modules\\@img\\sharp-libvips-darwin-x64'
73 silly reify ]
74 verbose reify failed optional dependency G:\notai\VSCodeProjects\tacommodity\node_modules\@img\sharp-libvips-darwin-arm64
75 silly reify mark deleted [
75 silly reify   'G:\\notai\\VSCodeProjects\\tacommodity\\node_modules\\@img\\sharp-libvips-darwin-arm64'
75 silly reify ]
76 verbose reify failed optional dependency G:\notai\VSCodeProjects\tacommodity\node_modules\@img\sharp-darwin-x64
77 silly reify mark deleted [
77 silly reify   'G:\\notai\\VSCodeProjects\\tacommodity\\node_modules\\@img\\sharp-darwin-x64'
77 silly reify ]
78 verbose reify failed optional dependency G:\notai\VSCodeProjects\tacommodity\node_modules\@img\sharp-darwin-arm64
79 silly reify mark deleted [
79 silly reify   'G:\\notai\\VSCodeProjects\\tacommodity\\node_modules\\@img\\sharp-darwin-arm64'
79 silly reify ]
80 http cache react-icons@https://registry.npmjs.org/react-icons/-/react-icons-5.5.0.tgz 1ms (cache hit)
81 http cache @emnapi/runtime@https://registry.npmjs.org/@emnapi/runtime/-/runtime-1.3.1.tgz 0ms (cache hit)
82 silly tarball no local data for react-icons@https://registry.npmjs.org/react-icons/-/react-icons-5.5.0.tgz. Extracting by manifest.
83 http fetch POST 200 https://registry.npmjs.org/-/npm/v1/security/advisories/bulk 457ms
84 silly audit report {
84 silly audit report   '@babel/runtime': [
84 silly audit report     {
84 silly audit report       id: 1104000,
84 silly audit report       url: 'https://github.com/advisories/GHSA-968p-4wvh-cqc8',
84 silly audit report       title: 'Babel has inefficient RegExp complexity in generated code with .replace when transpiling named capturing groups',
84 silly audit report       severity: 'moderate',
84 silly audit report       vulnerable_versions: '<7.26.10',
84 silly audit report       cwe: [Array],
84 silly audit report       cvss: [Object]
84 silly audit report     }
84 silly audit report   ],
84 silly audit report   '@eslint/plugin-kit': [
84 silly audit report     {
84 silly audit report       id: 1106734,
84 silly audit report       url: 'https://github.com/advisories/GHSA-xffm-g5w8-qvg7',
84 silly audit report       title: '@eslint/plugin-kit is vulnerable to Regular Expression Denial of Service attacks through ConfigCommentParser',
84 silly audit report       severity: 'low',
84 silly audit report       vulnerable_versions: '<0.3.4',
84 silly audit report       cwe: [Array],
84 silly audit report       cvss: [Object]
84 silly audit report     }
84 silly audit report   ],
84 silly audit report   'brace-expansion': [
84 silly audit report     {
84 silly audit report       id: 1105443,
84 silly audit report       url: 'https://github.com/advisories/GHSA-v6h2-p8h4-qcjw',
84 silly audit report       title: 'brace-expansion Regular Expression Denial of Service vulnerability',
84 silly audit report       severity: 'low',
84 silly audit report       vulnerable_versions: '>=1.0.0 <=1.1.11',
84 silly audit report       cwe: [Array],
84 silly audit report       cvss: [Object]
84 silly audit report     },
84 silly audit report     {
84 silly audit report       id: 1105444,
84 silly audit report       url: 'https://github.com/advisories/GHSA-v6h2-p8h4-qcjw',
84 silly audit report       title: 'brace-expansion Regular Expression Denial of Service vulnerability',
84 silly audit report       severity: 'low',
84 silly audit report       vulnerable_versions: '>=2.0.0 <=2.0.1',
84 silly audit report       cwe: [Array],
84 silly audit report       cvss: [Object]
84 silly audit report     }
84 silly audit report   ],
84 silly audit report   next: [
84 silly audit report     {
84 silly audit report       id: 1105462,
84 silly audit report       url: 'https://github.com/advisories/GHSA-3h52-269p-cp9r',
84 silly audit report       title: 'Information exposure in Next.js dev server due to lack of origin verification',
84 silly audit report       severity: 'low',
84 silly audit report       vulnerable_versions: '>=15.0.0 <15.2.2',
84 silly audit report       cwe: [Array],
84 silly audit report       cvss: [Object]
84 silly audit report     },
84 silly audit report     {
84 silly audit report       id: 1105948,
84 silly audit report       url: 'https://github.com/advisories/GHSA-67rr-84xm-4c7r',
84 silly audit report       title: 'Next.JS vulnerability can lead to DoS via cache poisoning ',
84 silly audit report       severity: 'high',
84 silly audit report       vulnerable_versions: '>=15.0.4-canary.51 <15.1.8',
84 silly audit report       cwe: [Array],
84 silly audit report       cvss: [Object]
84 silly audit report     },
84 silly audit report     {
84 silly audit report       id: 1106691,
84 silly audit report       url: 'https://github.com/advisories/GHSA-f82v-jwr5-mffw',
84 silly audit report       title: 'Authorization Bypass in Next.js Middleware',
84 silly audit report       severity: 'critical',
84 silly audit report       vulnerable_versions: '>=15.0.0 <15.2.3',
84 silly audit report       cwe: [Array],
84 silly audit report       cvss: [Object]
84 silly audit report     }
84 silly audit report   ]
84 silly audit report }
85 silly packumentCache corgi:https://registry.npmjs.org/@babel%2fruntime cache-miss
86 silly packumentCache corgi:https://registry.npmjs.org/@eslint%2fplugin-kit cache-miss
87 silly packumentCache corgi:https://registry.npmjs.org/brace-expansion cache-miss
88 silly packumentCache corgi:https://registry.npmjs.org/next cache-miss
89 http fetch GET 200 https://registry.npmjs.org/@babel%2fruntime 304ms (cache updated)
90 silly packumentCache corgi:https://registry.npmjs.org/@babel%2fruntime set size:undefined disposed:false
91 http fetch GET 200 https://registry.npmjs.org/brace-expansion 830ms (cache revalidated)
92 silly packumentCache corgi:https://registry.npmjs.org/brace-expansion set size:16192 disposed:false
93 http fetch GET 200 https://registry.npmjs.org/@eslint%2fplugin-kit 966ms (cache miss)
94 silly packumentCache corgi:https://registry.npmjs.org/@eslint%2fplugin-kit set size:undefined disposed:false
95 http fetch GET 200 https://registry.npmjs.org/next 3778ms (cache updated)
96 silly packumentCache corgi:https://registry.npmjs.org/next set size:undefined disposed:false
97 silly packumentCache corgi:https://registry.npmjs.org/history cache-miss
98 http fetch GET 200 https://registry.npmjs.org/history 359ms (cache revalidated)
99 silly packumentCache corgi:https://registry.npmjs.org/history set size:129853 disposed:false
100 silly packumentCache corgi:https://registry.npmjs.org/eslint cache-miss
101 http fetch GET 200 https://registry.npmjs.org/eslint 524ms (cache updated)
102 silly packumentCache corgi:https://registry.npmjs.org/eslint set size:undefined disposed:false
103 silly packumentCache corgi:https://registry.npmjs.org/minimatch cache-miss
104 http fetch GET 200 https://registry.npmjs.org/minimatch 241ms (cache revalidated)
105 silly packumentCache corgi:https://registry.npmjs.org/minimatch set size:143741 disposed:false
106 silly packumentCache corgi:https://registry.npmjs.org/@eslint-community%2feslint-utils cache-miss
107 silly packumentCache corgi:https://registry.npmjs.org/@typescript-eslint%2feslint-plugin cache-miss
108 silly packumentCache corgi:https://registry.npmjs.org/@typescript-eslint%2fparser cache-miss
109 silly packumentCache corgi:https://registry.npmjs.org/@typescript-eslint%2ftype-utils cache-miss
110 silly packumentCache corgi:https://registry.npmjs.org/@typescript-eslint%2futils cache-miss
111 silly packumentCache corgi:https://registry.npmjs.org/eslint-config-next cache-miss
112 silly packumentCache corgi:https://registry.npmjs.org/eslint-import-resolver-typescript cache-miss
113 silly packumentCache corgi:https://registry.npmjs.org/eslint-plugin-import cache-miss
114 silly packumentCache corgi:https://registry.npmjs.org/eslint-plugin-jsx-a11y cache-miss
115 silly packumentCache corgi:https://registry.npmjs.org/eslint-plugin-react cache-miss
116 silly packumentCache corgi:https://registry.npmjs.org/eslint-plugin-react-hooks cache-miss
117 http fetch GET 200 https://registry.npmjs.org/eslint-import-resolver-typescript 375ms (cache miss)
118 silly packumentCache corgi:https://registry.npmjs.org/eslint-import-resolver-typescript set size:undefined disposed:false
119 http fetch GET 200 https://registry.npmjs.org/@eslint-community%2feslint-utils 433ms (cache miss)
120 silly packumentCache corgi:https://registry.npmjs.org/@eslint-community%2feslint-utils set size:undefined disposed:false
121 http fetch GET 200 https://registry.npmjs.org/@typescript-eslint%2futils 818ms (cache miss)
122 silly packumentCache corgi:https://registry.npmjs.org/@typescript-eslint%2futils set size:undefined disposed:false
123 http fetch GET 200 https://registry.npmjs.org/eslint-plugin-jsx-a11y 1134ms (cache miss)
124 silly packumentCache corgi:https://registry.npmjs.org/eslint-plugin-jsx-a11y set size:undefined disposed:false
125 http fetch GET 200 https://registry.npmjs.org/eslint-plugin-import 1202ms (cache miss)
126 silly packumentCache corgi:https://registry.npmjs.org/eslint-plugin-import set size:undefined disposed:false
127 http fetch GET 200 https://registry.npmjs.org/eslint-plugin-react 1265ms (cache miss)
128 silly packumentCache corgi:https://registry.npmjs.org/eslint-plugin-react set size:undefined disposed:false
129 http fetch GET 200 https://registry.npmjs.org/@typescript-eslint%2ftype-utils 1456ms (cache miss)
130 silly packumentCache corgi:https://registry.npmjs.org/@typescript-eslint%2ftype-utils set size:undefined disposed:false
131 http fetch GET 200 https://registry.npmjs.org/@typescript-eslint%2fparser 1837ms (cache miss)
132 silly packumentCache corgi:https://registry.npmjs.org/@typescript-eslint%2fparser set size:undefined disposed:false
133 http fetch GET 200 https://registry.npmjs.org/eslint-config-next 3062ms (cache updated)
134 silly packumentCache corgi:https://registry.npmjs.org/eslint-config-next set size:undefined disposed:false
135 http fetch GET 200 https://registry.npmjs.org/eslint-plugin-react-hooks 3291ms (cache miss)
136 silly packumentCache corgi:https://registry.npmjs.org/eslint-plugin-react-hooks set size:undefined disposed:false
137 http fetch GET 200 https://registry.npmjs.org/@typescript-eslint%2feslint-plugin 3686ms (cache miss)
138 silly packumentCache corgi:https://registry.npmjs.org/@typescript-eslint%2feslint-plugin set size:undefined disposed:false
139 http fetch GET 200 https://registry.npmjs.org/react-icons/-/react-icons-5.5.0.tgz 16535ms (cache miss)
140 silly ADD node_modules/react-icons
141 silly ADD
142 silly ADD
143 silly ADD
144 silly ADD
145 silly ADD
146 silly ADD
147 silly ADD
148 silly ADD
149 silly ADD
150 silly ADD
151 silly ADD
152 silly ADD
153 silly ADD
154 silly ADD
155 silly ADD
156 silly ADD
157 silly ADD
158 silly ADD
159 silly ADD
160 silly ADD
161 silly ADD
162 silly ADD
163 silly ADD
164 silly ADD
165 silly ADD
166 silly ADD
167 silly ADD
168 verbose cwd G:\notai\VSCodeProjects\tacommodity
169 verbose os Windows_NT 10.0.22631
170 verbose node v22.14.0
171 verbose npm  v11.1.0
172 verbose exit 0
173 info ok
