0 verbose cli C:\Program Files\nodejs\node.exe C:\Users\notai\AppData\Roaming\npm\node_modules\npm\bin\npm-cli.js
1 info using npm@11.1.0
2 info using node@v22.14.0
3 silly config load:file:C:\Users\notai\AppData\Roaming\npm\node_modules\npm\npmrc
4 silly config load:file:g:\notai\VSCodeProjects\tacommodity\.npmrc
5 silly config load:file:C:\Users\notai\.npmrc
6 silly config load:file:C:\Users\notai\AppData\Roaming\npm\etc\npmrc
7 verbose title npm outdated
8 verbose argv "outdated" "--json"
9 verbose logfile logs-max:10 dir:G:\notai\VSCodeProjects\tacommodity\notai\packages\npm\_logs\2025-04-22T13_26_56_170Z-
10 verbose logfile G:\notai\VSCodeProjects\tacommodity\notai\packages\npm\_logs\2025-04-22T13_26_56_170Z-debug-0.log
11 silly logfile start cleaning logs, removing 1 files
12 silly packumentCache heap:4345298944 maxSize:1086324736 maxEntrySize:543162368
13 silly logfile done cleaning log files
14 http fetch GET https://registry.npmjs.org/@srexi%2fpurecounterjs attempt 1 failed with ENOENT
15 http fetch GET https://registry.npmjs.org/@aws-sdk%2fclient-s3 attempt 1 failed with ENOENT
16 http fetch GET https://registry.npmjs.org/fslightbox-react attempt 1 failed with ENOENT
17 http fetch GET https://registry.npmjs.org/aos attempt 1 failed with ENOENT
18 http fetch GET https://registry.npmjs.org/bootstrap attempt 1 failed with ENOENT
19 http fetch GET https://registry.npmjs.org/jquery attempt 1 failed with ENOENT
20 http fetch GET https://registry.npmjs.org/next attempt 1 failed with ENOENT
21 http fetch GET https://registry.npmjs.org/bootstrap-icons attempt 1 failed with ENOENT
22 http fetch GET https://registry.npmjs.org/postgres attempt 1 failed with ENOENT
23 http fetch GET https://registry.npmjs.org/aws-sdk attempt 1 failed with ENOENT
24 http fetch GET https://registry.npmjs.org/react attempt 1 failed with ENOENT
25 http fetch GET https://registry.npmjs.org/isotope-layout attempt 1 failed with ENOENT
26 http fetch GET https://registry.npmjs.org/react-dom attempt 1 failed with ENOENT
27 http fetch GET https://registry.npmjs.org/boxicons attempt 1 failed with ENOENT
28 http fetch GET https://registry.npmjs.org/react-bootstrap-icons attempt 1 failed with ENOENT
29 http fetch GET https://registry.npmjs.org/yet-another-react-lightbox attempt 1 failed with ENOENT
30 http fetch GET https://registry.npmjs.org/@types%2freact attempt 1 failed with ENOENT
31 http fetch GET https://registry.npmjs.org/@eslint%2feslintrc attempt 1 failed with ENOENT
32 http fetch GET https://registry.npmjs.org/eslint-config-next attempt 1 failed with ENOENT
33 http fetch GET https://registry.npmjs.org/eslint attempt 1 failed with ENOENT
34 http fetch GET https://registry.npmjs.org/@srexi%2fpurecounterjs attempt 2 failed with ENOENT
35 http fetch GET https://registry.npmjs.org/@aws-sdk%2fclient-s3 attempt 2 failed with ENOENT
36 http fetch GET https://registry.npmjs.org/fslightbox-react attempt 2 failed with ENOENT
37 http fetch GET https://registry.npmjs.org/aos attempt 2 failed with ENOENT
38 http fetch GET https://registry.npmjs.org/bootstrap attempt 2 failed with ENOENT
39 http fetch GET https://registry.npmjs.org/jquery attempt 2 failed with ENOENT
40 http fetch GET https://registry.npmjs.org/next attempt 2 failed with ENOENT
41 http fetch GET https://registry.npmjs.org/bootstrap-icons attempt 2 failed with ENOENT
42 http fetch GET https://registry.npmjs.org/postgres attempt 2 failed with ENOENT
43 http fetch GET https://registry.npmjs.org/aws-sdk attempt 2 failed with ENOENT
44 http fetch GET https://registry.npmjs.org/react attempt 2 failed with ENOENT
45 http fetch GET https://registry.npmjs.org/isotope-layout attempt 2 failed with ENOENT
46 http fetch GET https://registry.npmjs.org/react-dom attempt 2 failed with ENOENT
47 http fetch GET https://registry.npmjs.org/boxicons attempt 2 failed with ENOENT
48 http fetch GET https://registry.npmjs.org/react-bootstrap-icons attempt 2 failed with ENOENT
49 http fetch GET https://registry.npmjs.org/eslint attempt 2 failed with ENOENT
50 http fetch GET https://registry.npmjs.org/@srexi%2fpurecounterjs attempt 3 failed with ENOENT
51 http fetch GET https://registry.npmjs.org/@aws-sdk%2fclient-s3 attempt 3 failed with ENOENT
52 http fetch GET https://registry.npmjs.org/fslightbox-react attempt 3 failed with ENOENT
53 http fetch GET https://registry.npmjs.org/aos attempt 3 failed with ENOENT
54 http fetch GET https://registry.npmjs.org/bootstrap attempt 3 failed with ENOENT
55 http fetch GET https://registry.npmjs.org/jquery attempt 3 failed with ENOENT
56 http fetch GET https://registry.npmjs.org/next attempt 3 failed with ENOENT
57 http fetch GET https://registry.npmjs.org/bootstrap-icons attempt 3 failed with ENOENT
58 http fetch GET https://registry.npmjs.org/postgres attempt 3 failed with ENOENT
59 http fetch GET https://registry.npmjs.org/aws-sdk attempt 3 failed with ENOENT
60 http fetch GET https://registry.npmjs.org/react attempt 3 failed with ENOENT
61 http fetch GET https://registry.npmjs.org/isotope-layout attempt 3 failed with ENOENT
62 http fetch GET https://registry.npmjs.org/react-dom attempt 3 failed with ENOENT
63 http fetch GET https://registry.npmjs.org/boxicons attempt 3 failed with ENOENT
64 http fetch GET https://registry.npmjs.org/react-bootstrap-icons attempt 3 failed with ENOENT
65 http fetch GET https://registry.npmjs.org/eslint attempt 3 failed with ENOENT
66 http fetch GET 200 https://registry.npmjs.org/@srexi%2fpurecounterjs 70241ms (cache stale)
67 http fetch GET 200 https://registry.npmjs.org/aos 70242ms (cache stale)
68 http fetch GET 200 https://registry.npmjs.org/jquery 70239ms (cache stale)
69 http fetch GET 200 https://registry.npmjs.org/bootstrap-icons 70246ms (cache stale)
70 http fetch GET 200 https://registry.npmjs.org/postgres 70246ms (cache stale)
71 http fetch GET 200 https://registry.npmjs.org/bootstrap 70250ms (cache stale)
72 http fetch GET 200 https://registry.npmjs.org/@aws-sdk%2fclient-s3 70262ms (cache stale)
73 http fetch GET 200 https://registry.npmjs.org/aws-sdk 70279ms (cache stale)
74 http fetch GET 200 https://registry.npmjs.org/react 70311ms (cache stale)
75 verbose type system
76 verbose stack FetchError: request to https://registry.npmjs.org/fslightbox-react failed, reason: getaddrinfo ENOENT registry.npmjs.org
76 verbose stack     at ClientRequest.<anonymous> (C:\Users\notai\AppData\Roaming\npm\node_modules\npm\node_modules\minipass-fetch\lib\index.js:130:14)
76 verbose stack     at ClientRequest.emit (node:events:518:28)
76 verbose stack     at emitErrorEvent (node:_http_client:104:11)
76 verbose stack     at _destroy (node:_http_client:898:9)
76 verbose stack     at onSocketNT (node:_http_client:918:5)
76 verbose stack     at process.processTicksAndRejections (node:internal/process/task_queues:91:21)
77 error code ENOENT
78 error syscall getaddrinfo
79 error errno ENOENT
80 error enoent request to https://registry.npmjs.org/fslightbox-react failed, reason: getaddrinfo ENOENT registry.npmjs.org
81 error enoent This is related to npm not being able to find a file.
81 error enoent
82 verbose cwd g:\notai\VSCodeProjects\tacommodity
83 verbose os Windows_NT 10.0.22631
84 verbose node v22.14.0
85 verbose npm  v11.1.0
86 verbose exit 1
87 verbose code 1
88 error A complete log of this run can be found in: G:\notai\VSCodeProjects\tacommodity\notai\packages\npm\_logs\2025-04-22T13_26_56_170Z-debug-0.log
