0 verbose cli C:\Program Files\nodejs\node.exe C:\Users\notai\AppData\Roaming\npm\node_modules\npm\bin\npm-cli.js
1 info using npm@11.1.0
2 info using node@v22.14.0
3 silly config load:file:C:\Users\notai\AppData\Roaming\npm\node_modules\npm\npmrc
4 silly config load:file:g:\notai\VSCodeProjects\tacommodity\.npmrc
5 silly config load:file:C:\Users\notai\.npmrc
6 silly config load:file:C:\Users\notai\AppData\Roaming\npm\etc\npmrc
7 verbose title npm outdated
8 verbose argv "outdated" "--json"
9 verbose logfile logs-max:10 dir:G:\notai\VSCodeProjects\tacommodity\notai\packages\npm\_logs\2026-01-21T14_51_28_567Z-
10 verbose logfile G:\notai\VSCodeProjects\tacommodity\notai\packages\npm\_logs\2026-01-21T14_51_28_567Z-debug-0.log
11 silly logfile start cleaning logs, removing 1 files
12 silly packumentCache heap:4345298944 maxSize:1086324736 maxEntrySize:543162368
13 silly logfile done cleaning log files
14 http fetch GET 200 https://registry.npmjs.org/postgres 1003ms (cache revalidated)
15 http fetch GET 200 https://registry.npmjs.org/bootstrap-icons 1161ms (cache revalidated)
16 http fetch GET 200 https://registry.npmjs.org/react-dom 1276ms (cache revalidated)
17 http fetch GET 200 https://registry.npmjs.org/bootstrap 1317ms (cache revalidated)
18 http fetch GET 200 https://registry.npmjs.org/jquery 1319ms (cache revalidated)
19 http fetch GET 200 https://registry.npmjs.org/aws-sdk 1400ms (cache revalidated)
20 http fetch GET 200 https://registry.npmjs.org/@aws-sdk%2fclient-s3 1439ms (cache revalidated)
21 http fetch GET 200 https://registry.npmjs.org/aos 1467ms (cache revalidated)
22 http fetch GET 200 https://registry.npmjs.org/react 1490ms (cache revalidated)
23 http fetch GET 200 https://registry.npmjs.org/boxicons 1527ms (cache revalidated)
24 http fetch GET 200 https://registry.npmjs.org/@types%2fnode 1547ms (cache revalidated)
25 http fetch GET 200 https://registry.npmjs.org/@eslint%2feslintrc 1563ms (cache revalidated)
26 http fetch GET 200 https://registry.npmjs.org/fslightbox-react 1572ms (cache revalidated)
27 http fetch GET 200 https://registry.npmjs.org/swiper 1580ms (cache revalidated)
28 http fetch GET 200 https://registry.npmjs.org/eslint 1591ms (cache revalidated)
29 http fetch GET 200 https://registry.npmjs.org/eslint-config-next 1618ms (cache revalidated)
30 http fetch GET 200 https://registry.npmjs.org/@types%2freact 1643ms (cache revalidated)
31 http fetch GET 200 https://registry.npmjs.org/venobox 1677ms (cache revalidated)
32 http fetch GET 200 https://registry.npmjs.org/yet-another-react-lightbox 1679ms (cache revalidated)
33 http fetch GET 200 https://registry.npmjs.org/react-bootstrap-icons 1686ms (cache revalidated)
34 http fetch GET 200 https://registry.npmjs.org/react-countup 1690ms (cache revalidated)
35 http fetch GET 200 https://registry.npmjs.org/@srexi%2fpurecounterjs 1819ms (cache revalidated)
36 http fetch GET 200 https://registry.npmjs.org/next 1855ms (cache revalidated)
37 http fetch GET 200 https://registry.npmjs.org/isotope-layout 2159ms (cache revalidated)
38 verbose cwd g:\notai\VSCodeProjects\tacommodity
39 verbose os Windows_NT 10.0.22631
40 verbose node v22.14.0
41 verbose npm  v11.1.0
42 verbose exit 1
43 verbose code 1
