0 verbose cli C:\Program Files\nodejs\node.exe C:\Users\notai\AppData\Roaming\npm\node_modules\npm\bin\npm-cli.js
1 info using npm@11.1.0
2 info using node@v22.14.0
3 silly config load:file:C:\Users\notai\AppData\Roaming\npm\node_modules\npm\npmrc
4 silly config load:file:g:\notai\VSCodeProjects\tacommodity\.npmrc
5 silly config load:file:C:\Users\notai\.npmrc
6 silly config load:file:C:\Users\notai\AppData\Roaming\npm\etc\npmrc
7 verbose title npm outdated
8 verbose argv "outdated" "--json"
9 verbose logfile logs-max:10 dir:G:\notai\VSCodeProjects\tacommodity\notai\packages\npm\_logs\2026-01-21T09_35_36_453Z-
10 verbose logfile G:\notai\VSCodeProjects\tacommodity\notai\packages\npm\_logs\2026-01-21T09_35_36_453Z-debug-0.log
11 silly logfile start cleaning logs, removing 1 files
12 silly packumentCache heap:4345298944 maxSize:1086324736 maxEntrySize:543162368
13 silly logfile done cleaning log files
14 http fetch GET https://registry.npmjs.org/postgres attempt 1 failed with ERR_SSL_BAD_SIGNATURE
15 http fetch GET 200 https://registry.npmjs.org/bootstrap-icons 1185ms (cache revalidated)
16 http fetch GET 200 https://registry.npmjs.org/bootstrap 1270ms (cache updated)
17 http fetch GET 200 https://registry.npmjs.org/boxicons 1350ms (cache revalidated)
18 http fetch GET 200 https://registry.npmjs.org/fslightbox-react 1351ms (cache updated)
19 http fetch GET 200 https://registry.npmjs.org/react-bootstrap-icons 1351ms (cache revalidated)
20 http fetch GET 200 https://registry.npmjs.org/react-countup 1357ms (cache revalidated)
21 http fetch GET 200 https://registry.npmjs.org/aos 1378ms (cache revalidated)
22 http fetch GET 200 https://registry.npmjs.org/swiper 1482ms (cache updated)
23 http fetch GET 200 https://registry.npmjs.org/venobox 1587ms (cache revalidated)
24 http fetch GET 200 https://registry.npmjs.org/@eslint%2feslintrc 1599ms (cache updated)
25 http fetch GET 200 https://registry.npmjs.org/isotope-layout 1655ms (cache revalidated)
26 http fetch GET 200 https://registry.npmjs.org/@aws-sdk%2fclient-s3 1676ms (cache updated)
27 http fetch GET 200 https://registry.npmjs.org/jquery 1702ms (cache updated)
28 http fetch GET 200 https://registry.npmjs.org/eslint 1786ms (cache updated)
29 http fetch GET 200 https://registry.npmjs.org/@types%2freact 2044ms (cache updated)
30 http fetch GET 200 https://registry.npmjs.org/@srexi%2fpurecounterjs 2091ms (cache revalidated)
31 http fetch GET 200 https://registry.npmjs.org/yet-another-react-lightbox 2519ms (cache updated)
32 http fetch GET 200 https://registry.npmjs.org/aws-sdk 2601ms (cache updated)
33 http fetch GET 200 https://registry.npmjs.org/react 2830ms (cache updated)
34 http fetch GET 200 https://registry.npmjs.org/next 3111ms (cache updated)
35 http fetch GET 200 https://registry.npmjs.org/@types%2fnode 3593ms (cache updated)
36 http fetch GET 200 https://registry.npmjs.org/react-dom 3614ms (cache updated)
37 http fetch GET 200 https://registry.npmjs.org/eslint-config-next 3631ms (cache updated)
38 http fetch GET 200 https://registry.npmjs.org/postgres 11047ms attempt #2 (cache updated)
39 verbose cwd g:\notai\VSCodeProjects\tacommodity
40 verbose os Windows_NT 10.0.22631
41 verbose node v22.14.0
42 verbose npm  v11.1.0
43 verbose exit 1
44 verbose code 1
