0 verbose cli C:\Program Files\nodejs\node.exe C:\Users\notai\AppData\Roaming\npm\node_modules\npm\bin\npm-cli.js
1 info using npm@11.11.0
2 info using node@v22.14.0
3 silly config load:file:C:\Users\notai\AppData\Roaming\npm\node_modules\npm\npmrc
4 silly config load:file:d:\Software Projects\tacommodity-nextjs\.npmrc
5 silly config load:file:C:\Users\notai\.npmrc
6 silly config load:file:C:\Users\notai\AppData\Roaming\npm\etc\npmrc
7 verbose title npm outdated
8 verbose argv "outdated" "--json"
9 verbose logfile logs-max:10 dir:D:\Software Projects\tacommodity-nextjs\notai\packages\npm\_logs\2026-05-04T10_20_08_830Z-
10 verbose logfile D:\Software Projects\tacommodity-nextjs\notai\packages\npm\_logs\2026-05-04T10_20_08_830Z-debug-0.log
11 silly logfile start cleaning logs, removing 1 files
12 silly packumentCache heap:4345298944 maxSize:1086324736 maxEntrySize:543162368
13 silly logfile done cleaning log files
14 http fetch GET 200 https://registry.npmjs.org/jquery 1413ms (cache revalidated)
15 http fetch GET 200 https://registry.npmjs.org/bootstrap 1522ms (cache revalidated)
16 http fetch GET 200 https://registry.npmjs.org/aos 1532ms (cache revalidated)
17 http fetch GET 200 https://registry.npmjs.org/bootstrap-icons 1631ms (cache revalidated)
18 http fetch GET 200 https://registry.npmjs.org/fslightbox-react 1659ms (cache updated)
19 http fetch GET 200 https://registry.npmjs.org/postgres 1732ms (cache updated)
20 http fetch GET 200 https://registry.npmjs.org/react-countup 1822ms (cache revalidated)
21 http fetch GET 200 https://registry.npmjs.org/react-bootstrap-icons 1841ms (cache revalidated)
22 http fetch GET 200 https://registry.npmjs.org/boxicons 1894ms (cache revalidated)
23 http fetch GET 200 https://registry.npmjs.org/isotope-layout 2018ms (cache revalidated)
24 http fetch GET 200 https://registry.npmjs.org/swiper 2308ms (cache updated)
25 http fetch GET 200 https://registry.npmjs.org/@srexi%2fpurecounterjs 2379ms (cache revalidated)
26 http fetch GET 200 https://registry.npmjs.org/venobox 2377ms (cache revalidated)
27 http fetch GET 200 https://registry.npmjs.org/@aws-sdk%2fclient-s3 2447ms (cache updated)
28 http fetch GET 200 https://registry.npmjs.org/yet-another-react-lightbox 2594ms (cache updated)
29 http fetch GET 200 https://registry.npmjs.org/react-dom 3108ms (cache updated)
30 http fetch GET 200 https://registry.npmjs.org/aws-sdk 3355ms (cache updated)
31 http fetch GET 200 https://registry.npmjs.org/react 3545ms (cache updated)
32 http fetch GET 200 https://registry.npmjs.org/next 3921ms (cache updated)
33 verbose cwd d:\Software Projects\tacommodity-nextjs
34 verbose os Windows_NT 10.0.22631
35 verbose node v22.14.0
36 verbose npm  v11.11.0
37 verbose exit 1
38 verbose code 1
